Component: ARM Compiler 6.16 Tool: armlink [5dfeaa00]

==============================================================================

Section Cross References

    startup_stm32l452xx.o(STACK) refers (Special) to heapauxi.o(.text) for __use_two_region_memory
    startup_stm32l452xx.o(HEAP) refers (Special) to heapauxi.o(.text) for __use_two_region_memory
    startup_stm32l452xx.o(RESET) refers (Special) to heapauxi.o(.text) for __use_two_region_memory
    startup_stm32l452xx.o(RESET) refers to startup_stm32l452xx.o(STACK) for __initial_sp
    startup_stm32l452xx.o(RESET) refers to startup_stm32l452xx.o(.text) for Reset_Handler
    startup_stm32l452xx.o(RESET) refers to stm32l4xx_it.o(.text.NMI_Handler) for NMI_Handler
    startup_stm32l452xx.o(RESET) refers to stm32l4xx_it.o(.text.HardFault_Handler) for HardFault_Handler
    startup_stm32l452xx.o(RESET) refers to stm32l4xx_it.o(.text.MemManage_Handler) for MemManage_Handler
    startup_stm32l452xx.o(RESET) refers to stm32l4xx_it.o(.text.BusFault_Handler) for BusFault_Handler
    startup_stm32l452xx.o(RESET) refers to stm32l4xx_it.o(.text.UsageFault_Handler) for UsageFault_Handler
    startup_stm32l452xx.o(RESET) refers to stm32l4xx_it.o(.text.SVC_Handler) for SVC_Handler
    startup_stm32l452xx.o(RESET) refers to stm32l4xx_it.o(.text.DebugMon_Handler) for DebugMon_Handler
    startup_stm32l452xx.o(RESET) refers to stm32l4xx_it.o(.text.PendSV_Handler) for PendSV_Handler
    startup_stm32l452xx.o(RESET) refers to stm32l4xx_it.o(.text.SysTick_Handler) for SysTick_Handler
    startup_stm32l452xx.o(RESET) refers to stm32l4xx_it.o(.text.USART1_IRQHandler) for USART1_IRQHandler
    startup_stm32l452xx.o(RESET) refers to stm32l4xx_it.o(.text.USART3_IRQHandler) for USART3_IRQHandler
    startup_stm32l452xx.o(.text) refers (Special) to heapauxi.o(.text) for __use_two_region_memory
    startup_stm32l452xx.o(.text) refers to system_stm32l4xx.o(.text.SystemInit) for SystemInit
    startup_stm32l452xx.o(.text) refers to __main.o(!!!main) for __main
    startup_stm32l452xx.o(.text) refers to startup_stm32l452xx.o(HEAP) for Heap_Mem
    startup_stm32l452xx.o(.text) refers to startup_stm32l452xx.o(STACK) for Stack_Mem
    main.o(.text.main) refers to stm32l4xx_hal.o(.text.HAL_Init) for HAL_Init
    main.o(.text.main) refers to main.o(.text.SystemClock_Config) for SystemClock_Config
    main.o(.text.main) refers to main.o(.text.MX_GPIO_Init) for MX_GPIO_Init
    main.o(.text.main) refers to main.o(.text.MX_UART4_Init) for MX_UART4_Init
    main.o(.text.main) refers to main.o(.text.MX_USART1_UART_Init) for MX_USART1_UART_Init
    main.o(.text.main) refers to main.o(.text.MX_USART3_UART_Init) for MX_USART3_UART_Init
    main.o(.text.main) refers to main.o(.bss.huart3) for huart3
    main.o(.text.main) refers to main.o(.bss.rx3) for rx3
    main.o(.text.main) refers to stm32l4xx_hal_uart.o(.text.HAL_UART_Receive_IT) for HAL_UART_Receive_IT
    main.o(.text.main) refers to main.o(.bss.huart1) for huart1
    main.o(.text.main) refers to main.o(.bss.rx1) for rx1
    main.o(.text.main) refers to main.o(.bss.tx1_buffer) for tx1_buffer
    main.o(.text.main) refers to strlen.o(.text) for strlen
    main.o(.text.main) refers to stm32l4xx_hal_uart.o(.text.HAL_UART_Transmit_IT) for HAL_UART_Transmit_IT
    main.o(.text.main) refers to main.o(.bss.tx3_buffer) for tx3_buffer
    main.o(.text.main) refers to main.o(.bss.connect_tcp) for connect_tcp
    main.o(.text.main) refers to main.o(.data.connect_tcp1) for connect_tcp1
    main.o(.text.main) refers to rt_memcpy_v6.o(.text) for __aeabi_memcpy
    main.o(.text.main) refers to main.o(.data.connect_tcp2) for connect_tcp2
    main.o(.text.main) refers to main.o(.data.connect_tcp3) for connect_tcp3
    main.o(.text.main) refers to main.o(.data.connect_tcp4) for connect_tcp4
    main.o(.text.main) refers to main.o(.data.connect_tcp5) for connect_tcp5
    main.o(.text.main) refers to stm32l4xx_hal_gpio.o(.text.HAL_GPIO_WritePin) for HAL_GPIO_WritePin
    main.o(.text.main) refers to stm32l4xx_hal.o(.text.HAL_Delay) for HAL_Delay
    main.o(.text.main) refers to main.o(.text.tx_data) for tx_data
    main.o(.text.main) refers to main.o(.text.kiem_tra_sim) for kiem_tra_sim
    main.o(.ARM.exidx.text.main) refers to main.o(.text.main) for [Anonymous Symbol]
    main.o(.text.SystemClock_Config) refers to rt_memclr_w.o(.text) for __aeabi_memclr4
    main.o(.text.SystemClock_Config) refers to stm32l4xx_hal_pwr_ex.o(.text.HAL_PWREx_ControlVoltageScaling) for HAL_PWREx_ControlVoltageScaling
    main.o(.text.SystemClock_Config) refers to main.o(.text.Error_Handler) for Error_Handler
    main.o(.text.SystemClock_Config) refers to stm32l4xx_hal_rcc.o(.text.HAL_RCC_OscConfig) for HAL_RCC_OscConfig
    main.o(.text.SystemClock_Config) refers to stm32l4xx_hal_rcc.o(.text.HAL_RCC_ClockConfig) for HAL_RCC_ClockConfig
    main.o(.ARM.exidx.text.SystemClock_Config) refers to main.o(.text.SystemClock_Config) for [Anonymous Symbol]
[...]
    Removing stm32l4xx_hal_cortex.o(.ARM.exidx.text.HAL_NVIC_ClearPendingIRQ), (8 bytes).
    Removing stm32l4xx_hal_cortex.o(.text.__NVIC_ClearPendingIRQ), (48 bytes).
    Removing stm32l4xx_hal_cortex.o(.ARM.exidx.text.__NVIC_ClearPendingIRQ), (8 bytes).
    Removing stm32l4xx_hal_cortex.o(.text.HAL_NVIC_GetActive), (20 bytes).
    Removing stm32l4xx_hal_cortex.o(.ARM.exidx.text.HAL_NVIC_GetActive), (8 bytes).
    Removing stm32l4xx_hal_cortex.o(.text.__NVIC_GetActive), (64 bytes).
    Removing stm32l4xx_hal_cortex.o(.ARM.exidx.text.__NVIC_GetActive), (8 bytes).
    Removing stm32l4xx_hal_cortex.o(.text.HAL_SYSTICK_CLKSourceConfig), (52 bytes).
    Removing stm32l4xx_hal_cortex.o(.ARM.exidx.text.HAL_SYSTICK_CLKSourceConfig), (8 bytes).
    Removing stm32l4xx_hal_cortex.o(.text.HAL_SYSTICK_IRQHandler), (8 bytes).
    Removing stm32l4xx_hal_cortex.o(.ARM.exidx.text.HAL_SYSTICK_IRQHandler), (8 bytes).
    Removing stm32l4xx_hal_cortex.o(.text.HAL_SYSTICK_Callback), (2 bytes).
    Removing stm32l4xx_hal_cortex.o(.ARM.exidx.text.HAL_SYSTICK_Callback), (8 bytes).
    Removing stm32l4xx_hal_cortex.o(.text.HAL_MPU_Enable), (32 bytes).
    Removing stm32l4xx_hal_cortex.o(.ARM.exidx.text.HAL_MPU_Enable), (8 bytes).
    Removing stm32l4xx_hal_cortex.o(.text.HAL_MPU_Disable), (18 bytes).
    Removing stm32l4xx_hal_cortex.o(.ARM.exidx.text.HAL_MPU_Disable), (8 bytes).
    Removing stm32l4xx_hal_cortex.o(.text.HAL_MPU_ConfigRegion), (158 bytes).
    Removing stm32l4xx_hal_cortex.o(.ARM.exidx.text.HAL_MPU_ConfigRegion), (8 bytes).
    Removing stm32l4xx_hal_exti.o(.text), (0 bytes).
    Removing stm32l4xx_hal_exti.o(.text.HAL_EXTI_SetConfigLine), (414 bytes).
    Removing stm32l4xx_hal_exti.o(.ARM.exidx.text.HAL_EXTI_SetConfigLine), (8 bytes).
    Removing stm32l4xx_hal_exti.o(.text.HAL_EXTI_GetConfigLine), (330 bytes).
    Removing stm32l4xx_hal_exti.o(.ARM.exidx.text.HAL_EXTI_GetConfigLine), (8 bytes).
    Removing stm32l4xx_hal_exti.o(.text.HAL_EXTI_ClearConfigLine), (268 bytes).
    Removing stm32l4xx_hal_exti.o(.ARM.exidx.text.HAL_EXTI_ClearConfigLine), (8 bytes).
    Removing stm32l4xx_hal_exti.o(.text.HAL_EXTI_RegisterCallback), (48 bytes).
    Removing stm32l4xx_hal_exti.o(.ARM.exidx.text.HAL_EXTI_RegisterCallback), (8 bytes).
    Removing stm32l4xx_hal_exti.o(.text.HAL_EXTI_GetHandle), (42 bytes).
    Removing stm32l4xx_hal_exti.o(.ARM.exidx.text.HAL_EXTI_GetHandle), (8 bytes).
    Removing stm32l4xx_hal_exti.o(.text.HAL_EXTI_IRQHandler), (90 bytes).
    Removing stm32l4xx_hal_exti.o(.ARM.exidx.text.HAL_EXTI_IRQHandler), (8 bytes).
    Removing stm32l4xx_hal_exti.o(.text.HAL_EXTI_GetPending), (70 bytes).
    Removing stm32l4xx_hal_exti.o(.ARM.exidx.text.HAL_EXTI_GetPending), (8 bytes).
    Removing stm32l4xx_hal_exti.o(.text.HAL_EXTI_ClearPending), (56 bytes).
    Removing stm32l4xx_hal_exti.o(.ARM.exidx.text.HAL_EXTI_ClearPending), (8 bytes).
    Removing stm32l4xx_hal_exti.o(.text.HAL_EXTI_GenerateSWI), (54 bytes).
    Removing stm32l4xx_hal_exti.o(.ARM.exidx.text.HAL_EXTI_GenerateSWI), (8 bytes).
    Removing system_stm32l4xx.o(.text), (0 bytes).
    Removing system_stm32l4xx.o(.ARM.exidx.text.SystemInit), (8 bytes).
    Removing system_stm32l4xx.o(.text.SystemCoreClockUpdate), (380 bytes).
    Removing system_stm32l4xx.o(.ARM.exidx.text.SystemCoreClockUpdate), (8 bytes).

776 unused section(s) (total 55549 bytes) removed from the image.

==============================================================================

Image Symbol Table

    Local Symbols

    Symbol Name                              Value     Ov Type        Size  Object(Section)

    ../clib/angel/boardlib.s                 0x00000000   Number         0  boardinit1.o ABSOLUTE
    ../clib/angel/boardlib.s                 0x00000000   Number         0  boardinit2.o ABSOLUTE
    ../clib/angel/boardlib.s                 0x00000000   Number         0  boardinit3.o ABSOLUTE
    ../clib/angel/boardlib.s                 0x00000000   Number         0  boardshut.o ABSOLUTE
    ../clib/angel/dclz77c.s                  0x00000000   Number         0  __dclz77c.o ABSOLUTE
    ../clib/angel/handlers.s                 0x00000000   Number         0  __scatter_zi.o ABSOLUTE
    ../clib/angel/kernel.s                   0x00000000   Number         0  __rtentry.o ABSOLUTE
    ../clib/angel/kernel.s                   0x00000000   Number         0  __rtentry2.o ABSOLUTE
    ../clib/angel/kernel.s                   0x00000000   Number         0  __rtentry4.o ABSOLUTE
    ../clib/angel/kernel.s                   0x00000000   Number         0  rtexit.o ABSOLUTE
    ../clib/angel/kernel.s                   0x00000000   Number         0  rtexit2.o ABSOLUTE
    ../clib/angel/rt.s                       0x00000000   Number         0  aeabi_ldiv0.o ABSOLUTE
    ../clib/angel/rt.s                       0x00000000   Number         0  aeabi_ldiv0_sigfpe.o ABSOLUTE
    ../clib/angel/rt.s                       0x00000000   Number         0  rt_div0.o ABSOLUTE
    ../clib/angel/rt.s                       0x00000000   Number         0  rt_raise.o ABSOLUTE
    ../clib/angel/scatter.s                  0x00000000   Number         0  __scatter.o ABSOLUTE
    ../clib/angel/startup.s                  0x00000000   Number         0  __main.o ABSOLUTE
    ../clib/angel/sys.s                      0x00000000   Number         0  sys_stackheap_outer.o ABSOLUTE
    ../clib/angel/sys.s                      0x00000000   Number         0  libspace.o ABSOLUTE
    ../clib/angel/sys.s                      0x00000000   Number         0  use_no_semi.o ABSOLUTE
    ../clib/angel/sys.s                      0x00000000   Number         0  indicate_semi.o ABSOLUTE
    ../clib/angel/sysapp.c                   0x00000000   Number         0  sys_exit.o ABSOLUTE
    ../clib/angel/sysapp.c                   0x00000000   Number         0  sys_exit_hlt.o ABSOLUTE
    ../clib/angel/sysapp.c                   0x00000000   Number         0  sys_wrch.o ABSOLUTE
    ../clib/angel/sysapp.c                   0x00000000   Number         0  sys_wrch_hlt.o ABSOLUTE
    ../clib/angel/sysapp.c                   0x00000000   Number         0  sys_command.o ABSOLUTE
    ../clib/angel/sysapp.c                   0x00000000   Number         0  sys_command_hlt.o ABSOLUTE
    ../clib/armsys.c                         0x00000000   Number         0  argv_veneer.o ABSOLUTE
    ../clib/armsys.c                         0x00000000   Number         0  argv_veneer.o ABSOLUTE
    ../clib/armsys.c                         0x00000000   Number         0  _get_argv_nomalloc.o ABSOLUTE
    ../clib/armsys.c                         0x00000000   Number         0  no_argv.o ABSOLUTE
    ../clib/heapalloc.c                      0x00000000   Number         0  hrguard.o ABSOLUTE
    ../clib/heapaux.c                        0x00000000   Number         0  heapauxi.o ABSOLUTE
    ../clib/libinit.s                        0x00000000   Number         0  libinit.o ABSOLUTE
    ../clib/libinit.s                        0x00000000   Number         0  libinit2.o ABSOLUTE
    ../clib/libinit.s                        0x00000000   Number         0  libshutdown.o ABSOLUTE
    ../clib/libinit.s                        0x00000000   Number         0  libshutdown2.o ABSOLUTE
    ../clib/longlong.s                       0x00000000   Number         0  lludivv7m.o ABSOLUTE
    ../clib/memcpset.s                       0x00000000   Number         0  rt_memcpy_v6.o ABSOLUTE
    ../clib/memcpset.s                       0x00000000   Number         0  rt_memclr.o ABSOLUTE
    ../clib/memcpset.s                       0x00000000   Number         0  rt_memclr_w.o ABSOLUTE
    ../clib/memcpset.s                       0x00000000   Number         0  strcmpv7em.o ABSOLUTE
    ../clib/memcpset.s                       0x00000000   Number         0  rt_memcpy_w.o ABSOLUTE
    ../clib/signal.c                         0x00000000   Number         0  defsig_fpe_outer.o ABSOLUTE
    ../clib/signal.c                         0x00000000   Number         0  defsig_fpe_formal.o ABSOLUTE
    ../clib/signal.c                         0x00000000   Number         0  defsig_exit.o ABSOLUTE
    ../clib/signal.c                         0x00000000   Number         0  defsig_fpe_inner.o ABSOLUTE
    ../clib/signal.c                         0x00000000   Number         0  __raise.o ABSOLUTE
    ../clib/signal.c                         0x00000000   Number         0  defsig_general.o ABSOLUTE
    ../clib/signal.c                         0x00000000   Number         0  defsig_abrt_inner.o ABSOLUTE
    ../clib/signal.c                         0x00000000   Number         0  defsig_rtred_inner.o ABSOLUTE
    ../clib/signal.c                         0x00000000   Number         0  defsig_rtmem_inner.o ABSOLUTE
    ../clib/signal.c                         0x00000000   Number         0  defsig_rtmem_outer.o ABSOLUTE
    ../clib/signal.c                         0x00000000   Number         0  defsig_rtmem_formal.o ABSOLUTE
    ../clib/signal.c                         0x00000000   Number         0  defsig_stak_inner.o ABSOLUTE
    ../clib/signal.c                         0x00000000   Number         0  defsig_pvfn_inner.o ABSOLUTE
    ../clib/signal.c                         0x00000000   Number         0  defsig_cppl_inner.o ABSOLUTE
    ../clib/signal.c                         0x00000000   Number         0  defsig_segv_inner.o ABSOLUTE
    ../clib/signal.c                         0x00000000   Number         0  defsig_other.o ABSOLUTE
    ../clib/signal.s                         0x00000000   Number         0  defsig.o ABSOLUTE
    ../clib/stdlib.c                         0x00000000   Number         0  exit.o ABSOLUTE
    ../clib/string.c                         0x00000000   Number         0  strlen.o ABSOLUTE
    ../fplib/fpinit.s                        0x00000000   Number         0  fpinit.o ABSOLUTE
    dc.s                                     0x00000000   Number         0  dc.o ABSOLUTE
    main.c                                   0x00000000   Number         0  main.o ABSOLUTE
    startup_stm32l452xx.s                    0x00000000   Number         0  startup_stm32l452xx.o ABSOLUTE
    stm32l4xx_hal.c                          0x00000000   Number         0  stm32l4xx_hal.o ABSOLUTE
    stm32l4xx_hal_cortex.c                   0x00000000   Number         0  stm32l4xx_hal_cortex.o ABSOLUTE
    stm32l4xx_hal_dma.c                      0x00000000   Number         0  stm32l4xx_hal_dma.o ABSOLUTE
    stm32l4xx_hal_dma_ex.c                   0x00000000   Number         0  stm32l4xx_hal_dma_ex.o ABSOLUTE
    stm32l4xx_hal_exti.c                     0x00000000   Number         0  stm32l4xx_hal_exti.o ABSOLUTE
    stm32l4xx_hal_flash.c                    0x00000000   Number         0  stm32l4xx_hal_flash.o ABSOLUTE
    stm32l4xx_hal_flash_ex.c                 0x00000000   Number         0  stm32l4xx_hal_flash_ex.o ABSOLUTE
    stm32l4xx_hal_flash_ramfunc.c            0x00000000   Number         0  stm32l4xx_hal_flash_ramfunc.o ABSOLUTE
    stm32l4xx_hal_gpio.c                     0x00000000   Number         0  stm32l4xx_hal_gpio.o ABSOLUTE
    stm32l4xx_hal_i2c.c                      0x00000000   Number         0  stm32l4xx_hal_i2c.o ABSOLUTE
    stm32l4xx_hal_i2c_ex.c                   0x00000000   Number         0  stm32l4xx_hal_i2c_ex.o ABSOLUTE
    stm32l4xx_hal_msp.c                      0x00000000   Number         0  stm32l4xx_hal_msp.o ABSOLUTE
    stm32l4xx_hal_pwr.c                      0x00000000   Number         0  stm32l4xx_hal_pwr.o ABSOLUTE
    stm32l4xx_hal_pwr_ex.c                   0x00000000   Number         0  stm32l4xx_hal_pwr_ex.o ABSOLUTE
    stm32l4xx_hal_rcc.c                      0x00000000   Number         0  stm32l4xx_hal_rcc.o ABSOLUTE
    stm32l4xx_hal_rcc_ex.c                   0x00000000   Number         0  stm32l4xx_hal_rcc_ex.o ABSOLUTE
    stm32l4xx_hal_tim.c                      0x00000000   Number         0  stm32l4xx_hal_tim.o ABSOLUTE
    stm32l4xx_hal_tim_ex.c                   0x00000000   Number         0  stm32l4xx_hal_tim_ex.o ABSOLUTE
    stm32l4xx_hal_uart.c                     0x00000000   Number         0  stm32l4xx_hal_uart.o ABSOLUTE
    stm32l4xx_hal_uart_ex.c                  0x00000000   Number         0  stm32l4xx_hal_uart_ex.o ABSOLUTE
    stm32l4xx_it.c                           0x00000000   Number         0  stm32l4xx_it.o ABSOLUTE
    system_stm32l4xx.c                       0x00000000   Number         0  system_stm32l4xx.o ABSOLUTE
    RESET                                    0x08000000   Section      404  startup_stm32l452xx.o(RESET)
    !!!main                                  0x08000194   Section        8  __main.o(!!!main)
    !!!scatter                               0x0800019c   Section       52  __scatter.o(!!!scatter)
    !!dclz77c                                0x080001d0   Section      100  __dclz77c.o(!!dclz77c)
    !!handler_zi                             0x08000234   Section       28  __scatter_zi.o(!!handler_zi)
    .ARM.Collect$$libinit$$00000000          0x08000250   Section        2  libinit.o(.ARM.Collect$$libinit$$00000000)
    .ARM.Collect$$libinit$$00000001          0x08000252   Section        4  libinit2.o(.ARM.Collect$$libinit$$00000001)
    .ARM.Collect$$libinit$$00000004          0x08000256   Section        0  libinit2.o(.ARM.Collect$$libinit$$00000004)
    .ARM.Collect$$libinit$$0000000A          0x08000256   Section        0  libinit2.o(.ARM.Collect$$libinit$$0000000A)
    .ARM.Collect$$libinit$$0000000C          0x08000256   Section        0  libinit2.o(.ARM.Collect$$libinit$$0000000C)
    .ARM.Collect$$libinit$$0000000E          0x08000256   Section        0  libinit2.o(.ARM.Collect$$libinit$$0000000E)
    .ARM.Collect$$libinit$$00000011          0x08000256   Section        0  libinit2.o(.ARM.Collect$$libinit$$00000011)
    .ARM.Collect$$libinit$$00000013          0x08000256   Section        0  libinit2.o(.ARM.Collect$$libinit$$00000013)
    .ARM.Collect$$libinit$$00000015          0x08000256   Section        0  libinit2.o(.ARM.Collect$$libinit$$00000015)
    .ARM.Collect$$libinit$$00000017          0x08000256   Section        0  libinit2.o(.ARM.Collect$$libinit$$00000017)
    .ARM.Collect$$libinit$$00000019          0x08000256   Section        0  libinit2.o(.ARM.Collect$$libinit$$00000019)
    .ARM.Collect$$libinit$$0000001B          0x08000256   Section        0  libinit2.o(.ARM.Collect$$libinit$$0000001B)
    .ARM.Collect$$libinit$$0000001D          0x08000256   Section        0  libinit2.o(.ARM.Collect$$libinit$$0000001D)
    .ARM.Collect$$libinit$$0000001F          0x08000256   Section        0  libinit2.o(.ARM.Collect$$libinit$$0000001F)
    .ARM.Collect$$libinit$$00000021          0x08000256   Section        0  libinit2.o(.ARM.Collect$$libinit$$00000021)
    .ARM.Collect$$libinit$$00000023          0x08000256   Section        0  libinit2.o(.ARM.Collect$$libinit$$00000023)
    .ARM.Collect$$libinit$$00000025          0x08000256   Section        0  libinit2.o(.ARM.Collect$$libinit$$00000025)
    .ARM.Collect$$libinit$$0000002C          0x08000256   Section        0  libinit2.o(.ARM.Collect$$libinit$$0000002C)
    .ARM.Collect$$libinit$$0000002E          0x08000256   Section        0  libinit2.o(.ARM.Collect$$libinit$$0000002E)
    .ARM.Collect$$libinit$$00000030          0x08000256   Section        0  libinit2.o(.ARM.Collect$$libinit$$00000030)
    .ARM.Collect$$libinit$$00000032          0x08000256   Section        0  libinit2.o(.ARM.Collect$$libinit$$00000032)
    .ARM.Collect$$libinit$$00000033          0x08000256   Section        2  libinit2.o(.ARM.Collect$$libinit$$00000033)
    .ARM.Collect$$libshutdown$$00000000      0x08000258   Section        2  libshutdown.o(.ARM.Collect$$libshutdown$$00000000)
    .ARM.Collect$$libshutdown$$00000002      0x0800025a   Section        0  libshutdown2.o(.ARM.Collect$$libshutdown$$00000002)
    .ARM.Collect$$libshutdown$$00000004      0x0800025a   Section        0  libshutdown2.o(.ARM.Collect$$libshutdown$$00000004)
    .ARM.Collect$$libshutdown$$00000007      0x0800025a   Section        0  libshutdown2.o(.ARM.Collect$$libshutdown$$00000007)
    .ARM.Collect$$libshutdown$$0000000A      0x0800025a   Section        0  libshutdown2.o(.ARM.Collect$$libshutdown$$0000000A)
    .ARM.Collect$$libshutdown$$0000000C      0x0800025a   Section        0  libshutdown2.o(.ARM.Collect$$libshutdown$$0000000C)
    .ARM.Collect$$libshutdown$$0000000F      0x0800025a   Section        0  libshutdown2.o(.ARM.Collect$$libshutdown$$0000000F)
    .ARM.Collect$$libshutdown$$00000010      0x0800025a   Section        2  libshutdown2.o(.ARM.Collect$$libshutdown$$00000010)
    .ARM.Collect$$rtentry$$00000000          0x0800025c   Section        0  __rtentry.o(.ARM.Collect$$rtentry$$00000000)
    .ARM.Collect$$rtentry$$00000002          0x0800025c   Section        0  __rtentry2.o(.ARM.Collect$$rtentry$$00000002)
    .ARM.Collect$$rtentry$$00000004          0x0800025c   Section        6  __rtentry4.o(.ARM.Collect$$rtentry$$00000004)
    .ARM.Collect$$rtentry$$00000009          0x08000262   Section        0  __rtentry2.o(.ARM.Collect$$rtentry$$00000009)
    .ARM.Collect$$rtentry$$0000000A          0x08000262   Section        4  __rtentry2.o(.ARM.Collect$$rtentry$$0000000A)
    .ARM.Collect$$rtentry$$0000000C          0x08000266   Section        0  __rtentry2.o(.ARM.Collect$$rtentry$$0000000C)
    .ARM.Collect$$rtentry$$0000000D          0x08000266   Section        8  __rtentry2.o(.ARM.Collect$$rtentry$$0000000D)
    .ARM.Collect$$rtexit$$00000000           0x0800026e   Section        2  rtexit.o(.ARM.Collect$$rtexit$$00000000)
    .ARM.Collect$$rtexit$$00000002           0x08000270   Section        0  rtexit2.o(.ARM.Collect$$rtexit$$00000002)
    .ARM.Collect$$rtexit$$00000003           0x08000270   Section        4  rtexit2.o(.ARM.Collect$$rtexit$$00000003)
    .ARM.Collect$$rtexit$$00000004           0x08000274   Section        6  rtexit2.o(.ARM.Collect$$rtexit$$00000004)
    $v0                                      0x0800027c   Number         0  startup_stm32l452xx.o(.text)
    .text                                    0x0800027c   Section       64  startup_stm32l452xx.o(.text)
    .text                                    0x080002bc   Section      240  lludivv7m.o(.text)
    .text                                    0x080003ac   Section        0  strlen.o(.text)
    .text                                    0x080003ea   Section      138  rt_memcpy_v6.o(.text)
    .text                                    0x08000474   Section       68  rt_memclr.o(.text)
    .text                                    0x080004b8   Section       78  rt_memclr_w.o(.text)
    .text                                    0x08000508   Section      124  strcmpv7em.o(.text)
    .text                                    0x08000584   Section        0  heapauxi.o(.text)
    .text                                    0x0800058a   Section      100  rt_memcpy_w.o(.text)
    .text                                    0x080005ee   Section       74  sys_stackheap_outer.o(.text)
    .text                                    0x08000638   Section        0  exit.o(.text)
    .text                                    0x0800064c   Section        8  libspace.o(.text)
    .text                                    0x08000654   Section        0  sys_exit.o(.text)
    .text                                    0x08000660   Section        2  use_no_semi.o(.text)
    .text                                    0x08000662   Section        0  indicate_semi.o(.text)
    [Anonymous Symbol]                       0x08000664   Section        0  stm32l4xx_it.o(.text.BusFault_Handler)
    [Anonymous Symbol]                       0x08000668   Section        0  stm32l4xx_it.o(.text.DebugMon_Handler)
    [Anonymous Symbol]                       0x0800066c   Section        0  main.o(.text.Error_Handler)
    [Anonymous Symbol]                       0x0800067c   Section        0  stm32l4xx_hal_dma.o(.text.HAL_DMA_Abort)
    [Anonymous Symbol]                       0x080006fc   Section        0  stm32l4xx_hal_dma.o(.text.HAL_DMA_Abort_IT)
    [Anonymous Symbol]                       0x08000778   Section        0  stm32l4xx_hal.o(.text.HAL_Delay)
    [Anonymous Symbol]                       0x080007bc   Section        0  stm32l4xx_hal_gpio.o(.text.HAL_GPIO_Init)
    [Anonymous Symbol]                       0x08000b08   Section        0  stm32l4xx_hal_gpio.o(.text.HAL_GPIO_WritePin)
    [Anonymous Symbol]                       0x08000b34   Section        0  stm32l4xx_hal.o(.text.HAL_GetTick)
    [Anonymous Symbol]                       0x08000b40   Section        0  stm32l4xx_hal.o(.text.HAL_IncTick)
    [Anonymous Symbol]                       0x08000b5c   Section        0  stm32l4xx_hal.o(.text.HAL_Init)
    [Anonymous Symbol]                       0x08000b8c   Section        0  stm32l4xx_hal.o(.text.HAL_InitTick)
    [Anonymous Symbol]                       0x08000c14   Section        0  stm32l4xx_hal_msp.o(.text.HAL_MspInit)
    [Anonymous Symbol]                       0x08000c58   Section        0  stm32l4xx_hal_cortex.o(.text.HAL_NVIC_EnableIRQ)
    [Anonymous Symbol]                       0x08000c6c   Section        0  stm32l4xx_hal_cortex.o(.text.HAL_NVIC_SetPriority)
    [Anonymous Symbol]                       0x08000ca0   Section        0  stm32l4xx_hal_cortex.o(.text.HAL_NVIC_SetPriorityGrouping)
    [Anonymous Symbol]                       0x08000cb0   Section        0  stm32l4xx_hal_pwr_ex.o(.text.HAL_PWREx_ControlVoltageScaling)
    [Anonymous Symbol]                       0x08000d94   Section        0  stm32l4xx_hal_pwr_ex.o(.text.HAL_PWREx_GetVoltageRange)
    [Anonymous Symbol]                       0x08000da4   Section        0  stm32l4xx_hal_rcc_ex.o(.text.HAL_RCCEx_PeriphCLKConfig)
    [Anonymous Symbol]                       0x0800130c   Section        0  stm32l4xx_hal_rcc.o(.text.HAL_RCC_ClockConfig)
    [Anonymous Symbol]                       0x080015b0   Section        0  stm32l4xx_hal_rcc.o(.text.HAL_RCC_GetHCLKFreq)
    [Anonymous Symbol]                       0x080015bc   Section        0  stm32l4xx_hal_rcc.o(.text.HAL_RCC_GetPCLK1Freq)
    [Anonymous Symbol]                       0x080015e4   Section        0  stm32l4xx_hal_rcc.o(.text.HAL_RCC_GetPCLK2Freq)
    [Anonymous Symbol]                       0x0800160c   Section        0  stm32l4xx_hal_rcc.o(.text.HAL_RCC_GetSysClockFreq)
    [Anonymous Symbol]                       0x08001768   Section        0  stm32l4xx_hal_rcc.o(.text.HAL_RCC_OscConfig)
    [Anonymous Symbol]                       0x080021c8   Section        0  stm32l4xx_hal_cortex.o(.text.HAL_SYSTICK_Config)
    [Anonymous Symbol]                       0x080021d8   Section        0  stm32l4xx_hal_uart.o(.text.HAL_UARTEx_RxEventCallback)
    [Anonymous Symbol]                       0x080021e4   Section        0  stm32l4xx_hal_uart_ex.o(.text.HAL_UARTEx_WakeupCallback)
    [Anonymous Symbol]                       0x080021ec   Section        0  stm32l4xx_hal_uart.o(.text.HAL_UART_ErrorCallback)
    [Anonymous Symbol]                       0x080021f4   Section        0  stm32l4xx_hal_uart.o(.text.HAL_UART_IRQHandler)
    [Anonymous Symbol]                       0x080026c4   Section        0  stm32l4xx_hal_uart.o(.text.HAL_UART_Init)
    [Anonymous Symbol]                       0x0800276c   Section        0  stm32l4xx_hal_msp.o(.text.HAL_UART_MspInit)
    [Anonymous Symbol]                       0x08002958   Section        0  stm32l4xx_hal_uart.o(.text.HAL_UART_Receive_IT)
    [Anonymous Symbol]                       0x08002a18   Section        0  main.o(.text.HAL_UART_RxCpltCallback)
    [Anonymous Symbol]                       0x08002ba4   Section        0  stm32l4xx_hal_uart.o(.text.HAL_UART_Transmit)
    [Anonymous Symbol]                       0x08002cf4   Section        0  stm32l4xx_hal_uart.o(.text.HAL_UART_Transmit_IT)
    [Anonymous Symbol]                       0x08002de8   Section        0  stm32l4xx_hal_uart.o(.text.HAL_UART_TxCpltCallback)
    [Anonymous Symbol]                       0x08002df0   Section        0  stm32l4xx_it.o(.text.HardFault_Handler)
    MX_GPIO_Init                             0x08002df5   Thumb Code   226  main.o(.text.MX_GPIO_Init)
    [Anonymous Symbol]                       0x08002df4   Section        0  main.o(.text.MX_GPIO_Init)
    MX_UART4_Init                            0x08002ed9   Thumb Code    68  main.o(.text.MX_UART4_Init)
    [Anonymous Symbol]                       0x08002ed8   Section        0  main.o(.text.MX_UART4_Init)
    MX_USART1_UART_Init                      0x08002f1d   Thumb Code    68  main.o(.text.MX_USART1_UART_Init)
    [Anonymous Symbol]                       0x08002f1c   Section        0  main.o(.text.MX_USART1_UART_Init)
    MX_USART3_UART_Init                      0x08002f61   Thumb Code    68  main.o(.text.MX_USART3_UART_Init)
    [Anonymous Symbol]                       0x08002f60   Section        0  main.o(.text.MX_USART3_UART_Init)
    [Anonymous Symbol]                       0x08002fa4   Section        0  stm32l4xx_it.o(.text.MemManage_Handler)
    [Anonymous Symbol]                       0x08002fa8   Section        0  stm32l4xx_it.o(.text.NMI_Handler)
    NVIC_EncodePriority                      0x08002fad   Thumb Code   108  stm32l4xx_hal_cortex.o(.text.NVIC_EncodePriority)
    [Anonymous Symbol]                       0x08002fac   Section        0  stm32l4xx_hal_cortex.o(.text.NVIC_EncodePriority)
    [Anonymous Symbol]                       0x08003018   Section        0  stm32l4xx_it.o(.text.PendSV_Handler)
    RCCEx_PLLSAI1_Config                     0x0800301d   Thumb Code   640  stm32l4xx_hal_rcc_ex.o(.text.RCCEx_PLLSAI1_Config)
    [Anonymous Symbol]                       0x0800301c   Section        0  stm32l4xx_hal_rcc_ex.o(.text.RCCEx_PLLSAI1_Config)
    RCC_SetFlashLatencyFromMSIRange          0x0800329d   Thumb Code   238  stm32l4xx_hal_rcc.o(.text.RCC_SetFlashLatencyFromMSIRange)
    [Anonymous Symbol]                       0x0800329c   Section        0  stm32l4xx_hal_rcc.o(.text.RCC_SetFlashLatencyFromMSIRange)
    [Anonymous Symbol]                       0x0800338c   Section        0  stm32l4xx_it.o(.text.SVC_Handler)
    SysTick_Config                           0x08003391   Thumb Code    82  stm32l4xx_hal_cortex.o(.text.SysTick_Config)
    [Anonymous Symbol]                       0x08003390   Section        0  stm32l4xx_hal_cortex.o(.text.SysTick_Config)
    [Anonymous Symbol]                       0x080033e4   Section        0  stm32l4xx_it.o(.text.SysTick_Handler)
    [Anonymous Symbol]                       0x080033ec   Section        0  main.o(.text.SystemClock_Config)
    [Anonymous Symbol]                       0x08003470   Section        0  system_stm32l4xx.o(.text.SystemInit)
    [Anonymous Symbol]                       0x08003484   Section        0  stm32l4xx_hal_uart.o(.text.UART_AdvFeatureConfig)
    [Anonymous Symbol]                       0x080035cc   Section        0  stm32l4xx_hal_uart.o(.text.UART_CheckIdleState)
    UART_DMAAbortOnError                     0x08003671   Thumb Code    36  stm32l4xx_hal_uart.o(.text.UART_DMAAbortOnError)
    [Anonymous Symbol]                       0x08003670   Section        0  stm32l4xx_hal_uart.o(.text.UART_DMAAbortOnError)
    UART_EndRxTransfer                       0x08003695   Thumb Code   150  stm32l4xx_hal_uart.o(.text.UART_EndRxTransfer)
    [Anonymous Symbol]                       0x08003694   Section        0  stm32l4xx_hal_uart.o(.text.UART_EndRxTransfer)
    UART_EndTransmit_IT                      0x0800372d   Thumb Code    66  stm32l4xx_hal_uart.o(.text.UART_EndTransmit_IT)
    [Anonymous Symbol]                       0x0800372c   Section        0  stm32l4xx_hal_uart.o(.text.UART_EndTransmit_IT)
    UART_RxISR_16BIT                         0x08003771   Thumb Code   304  stm32l4xx_hal_uart.o(.text.UART_RxISR_16BIT)
    [Anonymous Symbol]                       0x08003770   Section        0  stm32l4xx_hal_uart.o(.text.UART_RxISR_16BIT)
    UART_RxISR_8BIT                          0x080038a1   Thumb Code   300  stm32l4xx_hal_uart.o(.text.UART_RxISR_8BIT)
    [Anonymous Symbol]                       0x080038a0   Section        0  stm32l4xx_hal_uart.o(.text.UART_RxISR_8BIT)
    [Anonymous Symbol]                       0x080039cc   Section        0  stm32l4xx_hal_uart.o(.text.UART_SetConfig)
    [Anonymous Symbol]                       0x08003eb4   Section        0  stm32l4xx_hal_uart.o(.text.UART_Start_Receive_IT)
    UART_TxISR_16BIT                         0x0800403d   Thumb Code   150  stm32l4xx_hal_uart.o(.text.UART_TxISR_16BIT)
    [Anonymous Symbol]                       0x0800403c   Section        0  stm32l4xx_hal_uart.o(.text.UART_TxISR_16BIT)
    UART_TxISR_8BIT                          0x080040d5   Thumb Code   140  stm32l4xx_hal_uart.o(.text.UART_TxISR_8BIT)
    [Anonymous Symbol]                       0x080040d4   Section        0  stm32l4xx_hal_uart.o(.text.UART_TxISR_8BIT)
    [Anonymous Symbol]                       0x08004160   Section        0  stm32l4xx_hal_uart.o(.text.UART_WaitOnFlagUntilTimeout)
    [Anonymous Symbol]                       0x080042d0   Section        0  stm32l4xx_it.o(.text.USART1_IRQHandler)
    [Anonymous Symbol]                       0x080042e0   Section        0  stm32l4xx_it.o(.text.USART3_IRQHandler)
    [Anonymous Symbol]                       0x080042f0   Section        0  stm32l4xx_it.o(.text.UsageFault_Handler)
    __NVIC_EnableIRQ                         0x080042f5   Thumb Code    48  stm32l4xx_hal_cortex.o(.text.__NVIC_EnableIRQ)
    [Anonymous Symbol]                       0x080042f4   Section        0  stm32l4xx_hal_cortex.o(.text.__NVIC_EnableIRQ)
    __NVIC_GetPriorityGrouping               0x08004325   Thumb Code    16  stm32l4xx_hal_cortex.o(.text.__NVIC_GetPriorityGrouping)
    [Anonymous Symbol]                       0x08004324   Section        0  stm32l4xx_hal_cortex.o(.text.__NVIC_GetPriorityGrouping)
    __NVIC_SetPriority                       0x08004335   Thumb Code    66  stm32l4xx_hal_cortex.o(.text.__NVIC_SetPriority)
    [Anonymous Symbol]                       0x08004334   Section        0  stm32l4xx_hal_cortex.o(.text.__NVIC_SetPriority)
    __NVIC_SetPriorityGrouping               0x08004379   Thumb Code    60  stm32l4xx_hal_cortex.o(.text.__NVIC_SetPriorityGrouping)
    [Anonymous Symbol]                       0x08004378   Section        0  stm32l4xx_hal_cortex.o(.text.__NVIC_SetPriorityGrouping)
    [Anonymous Symbol]                       0x080043b4   Section        0  main.o(.text.kiem_tra_sim)
    [Anonymous Symbol]                       0x080050e8   Section        0  main.o(.text.main)
    [Anonymous Symbol]                       0x080052ac   Section        0  main.o(.text.send_data_server)
    [Anonymous Symbol]                       0x08005398   Section        0  main.o(.text.tx_data)
    $v0                                      0x08005444   Number         0  fpinit.o(x$fpl$fpinit)
    x$fpl$fpinit                             0x08005444   Section       26  fpinit.o(x$fpl$fpinit)
    .bss                                     0x200002b8   Section       96  libspace.o(.bss)
    Heap_Mem                                 0x20000848   Data         512  startup_stm32l452xx.o(HEAP)
    HEAP                                     0x20000848   Section      512  startup_stm32l452xx.o(HEAP)
    Stack_Mem                                0x20000a48   Data        1024  startup_stm32l452xx.o(STACK)
    STACK                                    0x20000a48   Section     1024  startup_stm32l452xx.o(STACK)
    __initial_sp                             0x20000e48   Data           0  startup_stm32l452xx.o(STACK)

    Global Symbols

    Symbol Name                              Value     Ov Type        Size  Object(Section)

    BuildAttributes$$THM_ISAv4$E$P$D$K$B$S$7EM$VFPi3$EXTD16$VFPS$VFMA$PE$A:L22UL41UL21$X:L11$S22US41US21$IEEE1$IW$~IW$USESV6$~STKCKD$USESV7$~SHL$OSPACE$ROPI$EBA8$UX$STANDARDLIB$REQ8$PRES8$EABIv2 0x00000000   Number         0  anon$$obj.o ABSOLUTE
    __ARM_exceptions_init                     - Undefined Weak Reference
    __alloca_initialize                       - Undefined Weak Reference
    __arm_preinit_                            - Undefined Weak Reference
    __cpp_initialize__aeabi_                  - Undefined Weak Reference
    __cxa_finalize                            - Undefined Weak Reference
    __rt_locale                               - Undefined Weak Reference
    __sigvec_lookup                           - Undefined Weak Reference
    _atexit_init                              - Undefined Weak Reference
    _call_atexit_fns                          - Undefined Weak Reference
    _clock_init                               - Undefined Weak Reference
    _fp_trap_init                             - Undefined Weak Reference
    _fp_trap_shutdown                         - Undefined Weak Reference
    _get_lc_collate                           - Undefined Weak Reference
    _get_lc_ctype                             - Undefined Weak Reference
    _get_lc_monetary                          - Undefined Weak Reference
    _get_lc_numeric                           - Undefined Weak Reference
    _get_lc_time                              - Undefined Weak Reference
    _getenv_init                              - Undefined Weak Reference
    _handle_redirection                       - Undefined Weak Reference
    _init_alloc                               - Undefined Weak Reference
    _init_user_alloc                          - Undefined Weak Reference
    _initio                                   - Undefined Weak Reference
    _rand_init                                - Undefined Weak Reference
    _signal_finish                            - Undefined Weak Reference
    _signal_init                              - Undefined Weak Reference
    _terminate_alloc                          - Undefined Weak Reference
    _terminate_user_alloc                     - Undefined Weak Reference
    _terminateio                              - Undefined Weak Reference
    __Vectors_Size                           0x00000194   Number         0  startup_stm32l452xx.o ABSOLUTE
    __Vectors                                0x08000000   Data           4  startup_stm32l452xx.o(RESET)
    __Vectors_End                            0x08000194   Data           0  startup_stm32l452xx.o(RESET)
    __main                                   0x08000195   Thumb Code     8  __main.o(!!!main)
    __scatterload                            0x0800019d   Thumb Code     0  __scatter.o(!!!scatter)
    __scatterload_rt2                        0x0800019d   Thumb Code    44  __scatter.o(!!!scatter)
    __scatterload_rt2_thumb_only             0x0800019d   Thumb Code     0  __scatter.o(!!!scatter)
    __scatterload_null                       0x080001ab   Thumb Code     0  __scatter.o(!!!scatter)
    __decompress                             0x080001d1   Thumb Code   100  __dclz77c.o(!!dclz77c)
    __decompress2                            0x080001d1   Thumb Code     0  __dclz77c.o(!!dclz77c)
    __scatterload_zeroinit                   0x08000235   Thumb Code    28  __scatter_zi.o(!!handler_zi)
    __rt_lib_init                            0x08000251   Thumb Code     0  libinit.o(.ARM.Collect$$libinit$$00000000)
    __rt_lib_init_fp_1                       0x08000253   Thumb Code     0  libinit2.o(.ARM.Collect$$libinit$$00000001)
    __rt_lib_init_alloca_1                   0x08000257   Thumb Code     0  libinit2.o(.ARM.Collect$$libinit$$0000002E)
    __rt_lib_init_argv_1                     0x08000257   Thumb Code     0  libinit2.o(.ARM.Collect$$libinit$$0000002C)
    __rt_lib_init_atexit_1                   0x08000257   Thumb Code     0  libinit2.o(.ARM.Collect$$libinit$$0000001B)
    __rt_lib_init_clock_1                    0x08000257   Thumb Code     0  libinit2.o(.ARM.Collect$$libinit$$00000021)
    __rt_lib_init_cpp_1                      0x08000257   Thumb Code     0  libinit2.o(.ARM.Collect$$libinit$$00000032)
    __rt_lib_init_exceptions_1               0x08000257   Thumb Code     0  libinit2.o(.ARM.Collect$$libinit$$00000030)
    __rt_lib_init_fp_trap_1                  0x08000257   Thumb Code     0  libinit2.o(.ARM.Collect$$libinit$$0000001F)
    __rt_lib_init_getenv_1                   0x08000257   Thumb Code     0  libinit2.o(.ARM.Collect$$libinit$$00000023)
    __rt_lib_init_heap_1                     0x08000257   Thumb Code     0  libinit2.o(.ARM.Collect$$libinit$$0000000A)
    __rt_lib_init_lc_collate_1               0x08000257   Thumb Code     0  libinit2.o(.ARM.Collect$$libinit$$00000011)
    __rt_lib_init_lc_ctype_1                 0x08000257   Thumb Code     0  libinit2.o(.ARM.Collect$$libinit$$00000013)
    __rt_lib_init_lc_monetary_1              0x08000257   Thumb Code     0  libinit2.o(.ARM.Collect$$libinit$$00000015)
    __rt_lib_init_lc_numeric_1               0x08000257   Thumb Code     0  libinit2.o(.ARM.Collect$$libinit$$00000017)
    __rt_lib_init_lc_time_1                  0x08000257   Thumb Code     0  libinit2.o(.ARM.Collect$$libinit$$00000019)
    __rt_lib_init_preinit_1                  0x08000257   Thumb Code     0  libinit2.o(.ARM.Collect$$libinit$$00000004)
    __rt_lib_init_rand_1                     0x08000257   Thumb Code     0  libinit2.o(.ARM.Collect$$libinit$$0000000E)
    __rt_lib_init_return                     0x08000257   Thumb Code     0  libinit2.o(.ARM.Collect$$libinit$$00000033)
    __rt_lib_init_signal_1                   0x08000257   Thumb Code     0  libinit2.o(.ARM.Collect$$libinit$$0000001D)
    __rt_lib_init_stdio_1                    0x08000257   Thumb Code     0  libinit2.o(.ARM.Collect$$libinit$$00000025)
    __rt_lib_init_user_alloc_1               0x08000257   Thumb Code     0  libinit2.o(.ARM.Collect$$libinit$$0000000C)
    __rt_lib_shutdown                        0x08000259   Thumb Code     0  libshutdown.o(.ARM.Collect$$libshutdown$$00000000)
    __rt_lib_shutdown_cpp_1                  0x0800025b   Thumb Code     0  libshutdown2.o(.ARM.Collect$$libshutdown$$00000002)
    __rt_lib_shutdown_fp_trap_1              0x0800025b   Thumb Code     0  libshutdown2.o(.ARM.Collect$$libshutdown$$00000007)
    __rt_lib_shutdown_heap_1                 0x0800025b   Thumb Code     0  libshutdown2.o(.ARM.Collect$$libshutdown$$0000000F)
    __rt_lib_shutdown_return                 0x0800025b   Thumb Code     0  libshutdown2.o(.ARM.Collect$$libshutdown$$00000010)
    __rt_lib_shutdown_signal_1               0x0800025b   Thumb Code     0  libshutdown2.o(.ARM.Collect$$libshutdown$$0000000A)
    __rt_lib_shutdown_stdio_1                0x0800025b   Thumb Code     0  libshutdown2.o(.ARM.Collect$$libshutdown$$00000004)
    __rt_lib_shutdown_user_alloc_1           0x0800025b   Thumb Code     0  libshutdown2.o(.ARM.Collect$$libshutdown$$0000000C)
    __rt_entry                               0x0800025d   Thumb Code     0  __rtentry.o(.ARM.Collect$$rtentry$$00000000)
    __rt_entry_presh_1                       0x0800025d   Thumb Code     0  __rtentry2.o(.ARM.Collect$$rtentry$$00000002)
    __rt_entry_sh                            0x0800025d   Thumb Code     0  __rtentry4.o(.ARM.Collect$$rtentry$$00000004)
    __rt_entry_li                            0x08000263   Thumb Code     0  __rtentry2.o(.ARM.Collect$$rtentry$$0000000A)
    __rt_entry_postsh_1                      0x08000263   Thumb Code     0  __rtentry2.o(.ARM.Collect$$rtentry$$00000009)
    __rt_entry_main                          0x08000267   Thumb Code     0  __rtentry2.o(.ARM.Collect$$rtentry$$0000000D)
    __rt_entry_postli_1                      0x08000267   Thumb Code     0  __rtentry2.o(.ARM.Collect$$rtentry$$0000000C)
    __rt_exit                                0x0800026f   Thumb Code     0  rtexit.o(.ARM.Collect$$rtexit$$00000000)
    __rt_exit_ls                             0x08000271   Thumb Code     0  rtexit2.o(.ARM.Collect$$rtexit$$00000003)
    __rt_exit_prels_1                        0x08000271   Thumb Code     0  rtexit2.o(.ARM.Collect$$rtexit$$00000002)
    __rt_exit_exit                           0x08000275   Thumb Code     0  rtexit2.o(.ARM.Collect$$rtexit$$00000004)
    Reset_Handler                            0x0800027d   Thumb Code     8  startup_stm32l452xx.o(.text)
    ADC1_IRQHandler                          0x08000297   Thumb Code     0  startup_stm32l452xx.o(.text)
    CAN1_RX0_IRQHandler                      0x08000297   Thumb Code     0  startup_stm32l452xx.o(.text)
    CAN1_RX1_IRQHandler                      0x08000297   Thumb Code     0  startup_stm32l452xx.o(.text)
    CAN1_SCE_IRQHandler                      0x08000297   Thumb Code     0  startup_stm32l452xx.o(.text)
    CAN1_TX_IRQHandler                       0x08000297   Thumb Code     0  startup_stm32l452xx.o(.text)
    COMP_IRQHandler                          0x08000297   Thumb Code     0  startup_stm32l452xx.o(.text)
    CRS_IRQHandler                           0x08000297   Thumb Code     0  startup_stm32l452xx.o(.text)
    DFSDM1_FLT0_IRQHandler                   0x08000297   Thumb Code     0  startup_stm32l452xx.o(.text)
    DFSDM1_FLT1_IRQHandler                   0x08000297   Thumb Code     0  startup_stm32l452xx.o(.text)
    DMA1_Channel1_IRQHandler                 0x08000297   Thumb Code     0  startup_stm32l452xx.o(.text)
    DMA1_Channel2_IRQHandler                 0x08000297   Thumb Code     0  startup_stm32l452xx.o(.text)
    DMA1_Channel3_IRQHandler                 0x08000297   Thumb Code     0  startup_stm32l452xx.o(.text)
    DMA1_Channel4_IRQHandler                 0x08000297   Thumb Code     0  startup_stm32l452xx.o(.text)
    DMA1_Channel5_IRQHandler                 0x08000297   Thumb Code     0  startup_stm32l452xx.o(.text)
    DMA1_Channel6_IRQHandler                 0x08000297   Thumb Code     0  startup_stm32l452xx.o(.text)
    DMA1_Channel7_IRQHandler                 0x08000297   Thumb Code     0  startup_stm32l452xx.o(.text)
    DMA2_Channel1_IRQHandler                 0x08000297   Thumb Code     0  startup_stm32l452xx.o(.text)
    DMA2_Channel2_IRQHandler                 0x08000297   Thumb Code     0  startup_stm32l452xx.o(.text)
    DMA2_Channel3_IRQHandler                 0x08000297   Thumb Code     0  startup_stm32l452xx.o(.text)
    DMA2_Channel4_IRQHandler                 0x08000297   Thumb Code     0  startup_stm32l452xx.o(.text)
    DMA2_Channel5_IRQHandler                 0x08000297   Thumb Code     0  startup_stm32l452xx.o(.text)
    DMA2_Channel6_IRQHandler                 0x08000297   Thumb Code     0  startup_stm32l452xx.o(.text)
    DMA2_Channel7_IRQHandler                 0x08000297   Thumb Code     0  startup_stm32l452xx.o(.text)
    EXTI0_IRQHandler                         0x08000297   Thumb Code     0  startup_stm32l452xx.o(.text)
    EXTI15_10_IRQHandler                     0x08000297   Thumb Code     0  startup_stm32l452xx.o(.text)
    EXTI1_IRQHandler                         0x08000297   Thumb Code     0  startup_stm32l452xx.o(.text)
    EXTI2_IRQHandler                         0x08000297   Thumb Code     0  startup_stm32l452xx.o(.text)
    EXTI3_IRQHandler                         0x08000297   Thumb Code     0  startup_stm32l452xx.o(.text)
    EXTI4_IRQHandler                         0x08000297   Thumb Code     0  startup_stm32l452xx.o(.text)
    EXTI9_5_IRQHandler                       0x08000297   Thumb Code     0  startup_stm32l452xx.o(.text)
    FLASH_IRQHandler                         0x08000297   Thumb Code     0  startup_stm32l452xx.o(.text)
    FPU_IRQHandler                           0x08000297   Thumb Code     0  startup_stm32l452xx.o(.text)
    I2C1_ER_IRQHandler                       0x08000297   Thumb Code     0  startup_stm32l452xx.o(.text)
    I2C1_EV_IRQHandler                       0x08000297   Thumb Code     0  startup_stm32l452xx.o(.text)
    I2C2_ER_IRQHandler                       0x08000297   Thumb Code     0  startup_stm32l452xx.o(.text)
    I2C2_EV_IRQHandler                       0x08000297   Thumb Code     0  startup_stm32l452xx.o(.text)
    I2C3_ER_IRQHandler                       0x08000297   Thumb Code     0  startup_stm32l452xx.o(.text)
    I2C3_EV_IRQHandler                       0x08000297   Thumb Code     0  startup_stm32l452xx.o(.text)
    I2C4_ER_IRQHandler                       0x08000297   Thumb Code     0  startup_stm32l452xx.o(.text)
    I2C4_EV_IRQHandler                       0x08000297   Thumb Code     0  startup_stm32l452xx.o(.text)
    LPTIM1_IRQHandler                        0x08000297   Thumb Code     0  startup_stm32l452xx.o(.text)
    LPTIM2_IRQHandler                        0x08000297   Thumb Code     0  startup_stm32l452xx.o(.text)
    LPUART1_IRQHandler                       0x08000297   Thumb Code     0  startup_stm32l452xx.o(.text)
    PVD_PVM_IRQHandler                       0x08000297   Thumb Code     0  startup_stm32l452xx.o(.text)
    QUADSPI_IRQHandler                       0x08000297   Thumb Code     0  startup_stm32l452xx.o(.text)
    RCC_IRQHandler                           0x08000297   Thumb Code     0  startup_stm32l452xx.o(.text)
    RNG_IRQHandler                           0x08000297   Thumb Code     0  startup_stm32l452xx.o(.text)
    RTC_Alarm_IRQHandler                     0x08000297   Thumb Code     0  startup_stm32l452xx.o(.text)
    RTC_WKUP_IRQHandler                      0x08000297   Thumb Code     0  startup_stm32l452xx.o(.text)
    SAI1_IRQHandler                          0x08000297   Thumb Code     0  startup_stm32l452xx.o(.text)
    SDMMC1_IRQHandler                        0x08000297   Thumb Code     0  startup_stm32l452xx.o(.text)
    SPI1_IRQHandler                          0x08000297   Thumb Code     0  startup_stm32l452xx.o(.text)
    SPI2_IRQHandler                          0x08000297   Thumb Code     0  startup_stm32l452xx.o(.text)
    SPI3_IRQHandler                          0x08000297   Thumb Code     0  startup_stm32l452xx.o(.text)
    TAMP_STAMP_IRQHandler                    0x08000297   Thumb Code     0  startup_stm32l452xx.o(.text)
    TIM1_BRK_TIM15_IRQHandler                0x08000297   Thumb Code     0  startup_stm32l452xx.o(.text)
    TIM1_CC_IRQHandler                       0x08000297   Thumb Code     0  startup_stm32l452xx.o(.text)
    TIM1_TRG_COM_IRQHandler                  0x08000297   Thumb Code     0  startup_stm32l452xx.o(.text)
    TIM1_UP_TIM16_IRQHandler                 0x08000297   Thumb Code     0  startup_stm32l452xx.o(.text)
    TIM2_IRQHandler                          0x08000297   Thumb Code     0  startup_stm32l452xx.o(.text)
    TIM3_IRQHandler                          0x08000297   Thumb Code     0  startup_stm32l452xx.o(.text)
    TIM6_DAC_IRQHandler                      0x08000297   Thumb Code     0  startup_stm32l452xx.o(.text)
    TSC_IRQHandler                           0x08000297   Thumb Code     0  startup_stm32l452xx.o(.text)
    UART4_IRQHandler                         0x08000297   Thumb Code     0  startup_stm32l452xx.o(.text)
    USART2_IRQHandler                        0x08000297   Thumb Code     0  startup_stm32l452xx.o(.text)
    USB_IRQHandler                           0x08000297   Thumb Code     0  startup_stm32l452xx.o(.text)
    WWDG_IRQHandler                          0x08000297   Thumb Code     0  startup_stm32l452xx.o(.text)
    __user_initial_stackheap                 0x08000299   Thumb Code     0  startup_stm32l452xx.o(.text)
    __aeabi_uldivmod                         0x080002bd   Thumb Code     0  lludivv7m.o(.text)
    _ll_udiv                                 0x080002bd   Thumb Code   240  lludivv7m.o(.text)
    strlen                                   0x080003ad   Thumb Code    62  strlen.o(.text)
    __aeabi_memcpy                           0x080003eb   Thumb Code     0  rt_memcpy_v6.o(.text)
    __rt_memcpy                              0x080003eb   Thumb Code   138  rt_memcpy_v6.o(.text)
    _memcpy_lastbytes                        0x08000451   Thumb Code     0  rt_memcpy_v6.o(.text)
    __aeabi_memclr                           0x08000475   Thumb Code     0  rt_memclr.o(.text)
    __rt_memclr                              0x08000475   Thumb Code     0  rt_memclr.o(.text)
    _memset                                  0x08000479   Thumb Code    64  rt_memclr.o(.text)
    __aeabi_memclr4                          0x080004b9   Thumb Code     0  rt_memclr_w.o(.text)
    __aeabi_memclr8                          0x080004b9   Thumb Code     0  rt_memclr_w.o(.text)
    __rt_memclr_w                            0x080004b9   Thumb Code     0  rt_memclr_w.o(.text)
    _memset_w                                0x080004bd   Thumb Code    74  rt_memclr_w.o(.text)
    strcmp                                   0x08000509   Thumb Code   124  strcmpv7em.o(.text)
    __use_two_region_memory                  0x08000585   Thumb Code     2  heapauxi.o(.text)
    __rt_heap_escrow$2region                 0x08000587   Thumb Code     2  heapauxi.o(.text)
    __rt_heap_expand$2region                 0x08000589   Thumb Code     2  heapauxi.o(.text)
    __aeabi_memcpy4                          0x0800058b   Thumb Code     0  rt_memcpy_w.o(.text)
    __aeabi_memcpy8                          0x0800058b   Thumb Code     0  rt_memcpy_w.o(.text)
    __rt_memcpy_w                            0x0800058b   Thumb Code   100  rt_memcpy_w.o(.text)
    _memcpy_lastbytes_aligned                0x080005d3   Thumb Code     0  rt_memcpy_w.o(.text)
    __user_setup_stackheap                   0x080005ef   Thumb Code    74  sys_stackheap_outer.o(.text)
    exit                                     0x08000639   Thumb Code    18  exit.o(.text)
    __user_libspace                          0x0800064d   Thumb Code     8  libspace.o(.text)
    __user_perproc_libspace                  0x0800064d   Thumb Code     0  libspace.o(.text)
    __user_perthread_libspace                0x0800064d   Thumb Code     0  libspace.o(.text)
    _sys_exit                                0x08000655   Thumb Code     8  sys_exit.o(.text)
    __I$use$semihosting                      0x08000661   Thumb Code     0  use_no_semi.o(.text)
    __use_no_semihosting_swi                 0x08000661   Thumb Code     2  use_no_semi.o(.text)
    __semihosting_library_function           0x08000663   Thumb Code     0  indicate_semi.o(.text)
    BusFault_Handler                         0x08000665   Thumb Code     4  stm32l4xx_it.o(.text.BusFault_Handler)
    DebugMon_Handler                         0x08000669   Thumb Code     2  stm32l4xx_it.o(.text.DebugMon_Handler)
    Error_Handler                            0x0800066d   Thumb Code    14  main.o(.text.Error_Handler)
    HAL_DMA_Abort                            0x0800067d   Thumb Code   126  stm32l4xx_hal_dma.o(.text.HAL_DMA_Abort)
    HAL_DMA_Abort_IT                         0x080006fd   Thumb Code   124  stm32l4xx_hal_dma.o(.text.HAL_DMA_Abort_IT)
    HAL_Delay                                0x08000779   Thumb Code    66  stm32l4xx_hal.o(.text.HAL_Delay)
    HAL_GPIO_Init                            0x080007bd   Thumb Code   844  stm32l4xx_hal_gpio.o(.text.HAL_GPIO_Init)
    HAL_GPIO_WritePin                        0x08000b09   Thumb Code    44  stm32l4xx_hal_gpio.o(.text.HAL_GPIO_WritePin)
    HAL_GetTick                              0x08000b35   Thumb Code    12  stm32l4xx_hal.o(.text.HAL_GetTick)
    HAL_IncTick                              0x08000b41   Thumb Code    26  stm32l4xx_hal.o(.text.HAL_IncTick)
    HAL_Init                                 0x08000b5d   Thumb Code    48  stm32l4xx_hal.o(.text.HAL_Init)
    HAL_InitTick                             0x08000b8d   Thumb Code   136  stm32l4xx_hal.o(.text.HAL_InitTick)
    HAL_MspInit                              0x08000c15   Thumb Code    66  stm32l4xx_hal_msp.o(.text.HAL_MspInit)
    HAL_NVIC_EnableIRQ                       0x08000c59   Thumb Code    20  stm32l4xx_hal_cortex.o(.text.HAL_NVIC_EnableIRQ)
    HAL_NVIC_SetPriority                     0x08000c6d   Thumb Code    50  stm32l4xx_hal_cortex.o(.text.HAL_NVIC_SetPriority)
    HAL_NVIC_SetPriorityGrouping             0x08000ca1   Thumb Code    16  stm32l4xx_hal_cortex.o(.text.HAL_NVIC_SetPriorityGrouping)
    HAL_PWREx_ControlVoltageScaling          0x08000cb1   Thumb Code   228  stm32l4xx_hal_pwr_ex.o(.text.HAL_PWREx_ControlVoltageScaling)
    HAL_PWREx_GetVoltageRange                0x08000d95   Thumb Code    16  stm32l4xx_hal_pwr_ex.o(.text.HAL_PWREx_GetVoltageRange)
    HAL_RCCEx_PeriphCLKConfig                0x08000da5   Thumb Code  1382  stm32l4xx_hal_rcc_ex.o(.text.HAL_RCCEx_PeriphCLKConfig)
    HAL_RCC_ClockConfig                      0x0800130d   Thumb Code   674  stm32l4xx_hal_rcc.o(.text.HAL_RCC_ClockConfig)
    HAL_RCC_GetHCLKFreq                      0x080015b1   Thumb Code    12  stm32l4xx_hal_rcc.o(.text.HAL_RCC_GetHCLKFreq)
    HAL_RCC_GetPCLK1Freq                     0x080015bd   Thumb Code    38  stm32l4xx_hal_rcc.o(.text.HAL_RCC_GetPCLK1Freq)
    HAL_RCC_GetPCLK2Freq                     0x080015e5   Thumb Code    38  stm32l4xx_hal_rcc.o(.text.HAL_RCC_GetPCLK2Freq)
    HAL_RCC_GetSysClockFreq                  0x0800160d   Thumb Code   346  stm32l4xx_hal_rcc.o(.text.HAL_RCC_GetSysClockFreq)
    HAL_RCC_OscConfig                        0x08001769   Thumb Code  2656  stm32l4xx_hal_rcc.o(.text.HAL_RCC_OscConfig)
    HAL_SYSTICK_Config                       0x080021c9   Thumb Code    16  stm32l4xx_hal_cortex.o(.text.HAL_SYSTICK_Config)
    HAL_UARTEx_RxEventCallback               0x080021d9   Thumb Code    12  stm32l4xx_hal_uart.o(.text.HAL_UARTEx_RxEventCallback)
    HAL_UARTEx_WakeupCallback                0x080021e5   Thumb Code     8  stm32l4xx_hal_uart_ex.o(.text.HAL_UARTEx_WakeupCallback)
    HAL_UART_ErrorCallback                   0x080021ed   Thumb Code     8  stm32l4xx_hal_uart.o(.text.HAL_UART_ErrorCallback)
    HAL_UART_IRQHandler                      0x080021f5   Thumb Code  1232  stm32l4xx_hal_uart.o(.text.HAL_UART_IRQHandler)
    HAL_UART_Init                            0x080026c5   Thumb Code   166  stm32l4xx_hal_uart.o(.text.HAL_UART_Init)
    HAL_UART_MspInit                         0x0800276d   Thumb Code   492  stm32l4xx_hal_msp.o(.text.HAL_UART_MspInit)
    HAL_UART_Receive_IT                      0x08002959   Thumb Code   192  stm32l4xx_hal_uart.o(.text.HAL_UART_Receive_IT)
    HAL_UART_RxCpltCallback                  0x08002a19   Thumb Code   394  main.o(.text.HAL_UART_RxCpltCallback)
    HAL_UART_Transmit                        0x08002ba5   Thumb Code   336  stm32l4xx_hal_uart.o(.text.HAL_UART_Transmit)
    HAL_UART_Transmit_IT                     0x08002cf5   Thumb Code   242  stm32l4xx_hal_uart.o(.text.HAL_UART_Transmit_IT)
    HAL_UART_TxCpltCallback                  0x08002de9   Thumb Code     8  stm32l4xx_hal_uart.o(.text.HAL_UART_TxCpltCallback)
    HardFault_Handler                        0x08002df1   Thumb Code     4  stm32l4xx_it.o(.text.HardFault_Handler)
    MemManage_Handler                        0x08002fa5   Thumb Code     4  stm32l4xx_it.o(.text.MemManage_Handler)
    NMI_Handler                              0x08002fa9   Thumb Code     4  stm32l4xx_it.o(.text.NMI_Handler)
    PendSV_Handler                           0x08003019   Thumb Code     2  stm32l4xx_it.o(.text.PendSV_Handler)
    SVC_Handler                              0x0800338d   Thumb Code     2  stm32l4xx_it.o(.text.SVC_Handler)
    SysTick_Handler                          0x080033e5   Thumb Code     8  stm32l4xx_it.o(.text.SysTick_Handler)
    SystemClock_Config                       0x080033ed   Thumb Code   130  main.o(.text.SystemClock_Config)
    SystemInit                               0x08003471   Thumb Code    18  system_stm32l4xx.o(.text.SystemInit)
    UART_AdvFeatureConfig                    0x08003485   Thumb Code   328  stm32l4xx_hal_uart.o(.text.UART_AdvFeatureConfig)
    UART_CheckIdleState                      0x080035cd   Thumb Code   164  stm32l4xx_hal_uart.o(.text.UART_CheckIdleState)
    UART_SetConfig                           0x080039cd   Thumb Code  1256  stm32l4xx_hal_uart.o(.text.UART_SetConfig)
    UART_Start_Receive_IT                    0x08003eb5   Thumb Code   390  stm32l4xx_hal_uart.o(.text.UART_Start_Receive_IT)
    UART_WaitOnFlagUntilTimeout              0x08004161   Thumb Code   368  stm32l4xx_hal_uart.o(.text.UART_WaitOnFlagUntilTimeout)
    USART1_IRQHandler                        0x080042d1   Thumb Code    16  stm32l4xx_it.o(.text.USART1_IRQHandler)
    USART3_IRQHandler                        0x080042e1   Thumb Code    16  stm32l4xx_it.o(.text.USART3_IRQHandler)
    UsageFault_Handler                       0x080042f1   Thumb Code     4  stm32l4xx_it.o(.text.UsageFault_Handler)
    kiem_tra_sim                             0x080043b5   Thumb Code  3378  main.o(.text.kiem_tra_sim)
    main                                     0x080050e9   Thumb Code   452  main.o(.text.main)
    send_data_server                         0x080052ad   Thumb Code   236  main.o(.text.send_data_server)
    tx_data                                  0x08005399   Thumb Code   172  main.o(.text.tx_data)
    _fp_init                                 0x08005445   Thumb Code    26  fpinit.o(x$fpl$fpinit)
    __fplib_config_fpu_vfp                   0x0800545d   Thumb Code     0  fpinit.o(x$fpl$fpinit)
    __fplib_config_pureend_doubles           0x0800545d   Thumb Code     0  fpinit.o(x$fpl$fpinit)
    AHBPrescTable                            0x0800545e   Data          16  system_stm32l4xx.o(.rodata.AHBPrescTable)
    APBPrescTable                            0x0800546e   Data           8  system_stm32l4xx.o(.rodata.APBPrescTable)
    MSIRangeTable                            0x08005478   Data          48  system_stm32l4xx.o(.rodata.MSIRangeTable)
    Region$$Table$$Base                      0x080054a8   Number         0  anon$$obj.o(Region$$Table)
    Region$$Table$$Limit                     0x080054c8   Number         0  anon$$obj.o(Region$$Table)
    SystemCoreClock                          0x20000000   Data           4  system_stm32l4xx.o(.data.SystemCoreClock)
    allow_receive                            0x20000004   Data          18  main.o(.data.allow_receive)
    allow_receive_ok                         0x20000016   Data          19  main.o(.data.allow_receive_ok)
    allow_transmit                           0x20000029   Data          17  main.o(.data.allow_transmit)
    allow_transmit_ok                        0x2000003a   Data          20  main.o(.data.allow_transmit_ok)
    bien_kiem_tra                            0x2000004e   Data           5  main.o(.data.bien_kiem_tra)
    check_GPRS                               0x20000053   Data          12  main.o(.data.check_GPRS)
    check_connect                            0x2000005f   Data          18  main.o(.data.check_connect)
    check_connect_ok                         0x20000071   Data          13  main.o(.data.check_connect_ok)
    check_cuong_do                           0x2000007e   Data           9  main.o(.data.check_cuong_do)
    check_dang_ky                            0x20000087   Data          11  main.o(.data.check_dang_ky)
    check_ip                                 0x20000092   Data          12  main.o(.data.check_ip)
    check_module                             0x2000009e   Data           5  main.o(.data.check_module)
    check_net                                0x200000a3   Data          13  main.o(.data.check_net)
    check_sim                                0x200000b0   Data          11  main.o(.data.check_sim)
    connect_tcp1                             0x200000bb   Data          21  main.o(.data.connect_tcp1)
    connect_tcp2                             0x200000d0   Data          14  main.o(.data.connect_tcp2)
    connect_tcp3                             0x200000de   Data           3  main.o(.data.connect_tcp3)
    connect_tcp4                             0x200000e1   Data           5  main.o(.data.connect_tcp4)
    connect_tcp5                             0x200000e6   Data           5  main.o(.data.connect_tcp5)
    connect_tcp_ok                           0x200000eb   Data          16  main.o(.data.connect_tcp_ok)
    kt_cuong_do_ok                           0x200000fb   Data          17  main.o(.data.kt_cuong_do_ok)
    kt_dky_ok                                0x2000010c   Data          16  main.o(.data.kt_dky_ok)
    kt_gprs_ok                               0x2000011c   Data          13  main.o(.data.kt_gprs_ok)
    kt_ip_ok                                 0x20000129   Data          11  main.o(.data.kt_ip_ok)
    kt_modun_ok                              0x20000134   Data          14  main.o(.data.kt_modun_ok)
    kt_net_ok                                0x20000142   Data          12  main.o(.data.kt_net_ok)
    kt_ok                                    0x2000014e   Data          14  main.o(.data.kt_ok)
    kt_sim_ok                                0x2000015c   Data          12  main.o(.data.kt_sim_ok)
    send_data_sim_dem1                       0x20000168   Data         100  main.o(.data.send_data_sim_dem1)
    send_data_tx1                            0x200001cc   Data         100  main.o(.data.send_data_tx1)
    set_receive                              0x20000230   Data          18  main.o(.data.set_receive)
    set_receive_ok                           0x20000242   Data          16  main.o(.data.set_receive_ok)
    set_timeout                              0x20000252   Data          40  main.o(.data.set_timeout)
    set_timeout_ok                           0x2000027a   Data          18  main.o(.data.set_timeout_ok)
    set_transmit                             0x2000028c   Data          15  main.o(.data.set_transmit)
    set_transmit_ok                          0x2000029b   Data          18  main.o(.data.set_transmit_ok)
    uwTickFreq                               0x200002ad   Data           1  stm32l4xx_hal.o(.data.uwTickFreq)
    uwTickPrio                               0x200002b0   Data           4  stm32l4xx_hal.o(.data.uwTickPrio)
    __libspace_start                         0x200002b8   Data          96  libspace.o(.bss)
    __temporary_stack_top$libspace           0x20000318   Data           0  libspace.o(.bss)
    bien                                     0x20000318   Data           4  main.o(.bss.bien)
    cnt1                                     0x2000031c   Data           4  main.o(.bss.cnt1)
    cnt3                                     0x20000320   Data           4  main.o(.bss.cnt3)
    connect_tcp                              0x20000324   Data         100  main.o(.bss.connect_tcp)
    flag1                                    0x20000388   Data           4  main.o(.bss.flag1)
    flag3                                    0x2000038c   Data           4  main.o(.bss.flag3)
    huart1                                   0x20000390   Data         132  main.o(.bss.huart1)
    huart3                                   0x20000414   Data         132  main.o(.bss.huart3)
    huart4                                   0x20000498   Data         132  main.o(.bss.huart4)
    rx1                                      0x2000051c   Data           1  main.o(.bss.rx1)
    rx1_buffer                               0x2000051d   Data         100  main.o(.bss.rx1_buffer)
    rx1_buffer_dem                           0x20000581   Data         100  main.o(.bss.rx1_buffer_dem)
    rx3                                      0x200005e5   Data           1  main.o(.bss.rx3)
    rx3_buffer                               0x200005e6   Data         100  main.o(.bss.rx3_buffer)
    rx3_buffer_dem                           0x2000064a   Data         100  main.o(.bss.rx3_buffer_dem)
    send_data_sim                            0x200006ae   Data         100  main.o(.bss.send_data_sim)
    send_data_sim_dem2                       0x20000712   Data         100  main.o(.bss.send_data_sim_dem2)
    tx1_buffer                               0x20000776   Data         100  main.o(.bss.tx1_buffer)
    tx3_buffer                               0x200007da   Data         100  main.o(.bss.tx3_buffer)
    uwTick                                   0x20000840   Data           4  stm32l4xx_hal.o(.bss.uwTick)



==============================================================================

Memory Map of the image

  Image Entry point : 0x08000195

  Load Region LR_IROM1 (Base: 0x08000000, Size: 0x00005780, Max: 0x00080000, ABSOLUTE, COMPRESSED[0x00005610])

    Execution Region ER_IROM1 (Exec base: 0x08000000, Load base: 0x08000000, Size: 0x000054c8, Max: 0x00080000, ABSOLUTE)

    Exec Addr    Load Addr    Size         Type   Attr      Idx    E Section Name        Object

    0x08000000   0x08000000   0x00000194   Data   RO            3    RESET               startup_stm32l452xx.o
    0x08000194   0x08000194   0x00000008   Code   RO         1060  * !!!main             c_w.l(__main.o)
    0x0800019c   0x0800019c   0x00000034   Code   RO         1237    !!!scatter          c_w.l(__scatter.o)
    0x080001d0   0x080001d0   0x00000064   Code   RO         1235    !!dclz77c           c_w.l(__dclz77c.o)
    0x08000234   0x08000234   0x0000001c   Code   RO         1239    !!handler_zi        c_w.l(__scatter_zi.o)
    0x08000250   0x08000250   0x00000002   Code   RO         1099    .ARM.Collect$$libinit$$00000000  c_w.l(libinit.o)
    0x08000252   0x08000252   0x00000004   Code   RO         1111    .ARM.Collect$$libinit$$00000001  c_w.l(libinit2.o)
    0x08000256   0x08000256   0x00000000   Code   RO         1114    .ARM.Collect$$libinit$$00000004  c_w.l(libinit2.o)
    0x08000256   0x08000256   0x00000000   Code   RO         1117    .ARM.Collect$$libinit$$0000000A  c_w.l(libinit2.o)
    0x08000256   0x08000256   0x00000000   Code   RO         1119    .ARM.Collect$$libinit$$0000000C  c_w.l(libinit2.o)
    0x08000256   0x08000256   0x00000000   Code   RO         1121    .ARM.Collect$$libinit$$0000000E  c_w.l(libinit2.o)
    0x08000256   0x08000256   0x00000000   Code   RO         1124    .ARM.Collect$$libinit$$00000011  c_w.l(libinit2.o)
    0x08000256   0x08000256   0x00000000   Code   RO         1126    .ARM.Collect$$libinit$$00000013  c_w.l(libinit2.o)
    0x08000256   0x08000256   0x00000000   Code   RO         1128    .ARM.Collect$$libinit$$00000015  c_w.l(libinit2.o)
    0x08000256   0x08000256   0x00000000   Code   RO         1130    .ARM.Collect$$libinit$$00000017  c_w.l(libinit2.o)
    0x08000256   0x08000256   0x00000000   Code   RO         1132    .ARM.Collect$$libinit$$00000019  c_w.l(libinit2.o)
    0x08000256   0x08000256   0x00000000   Code   RO         1134    .ARM.Collect$$libinit$$0000001B  c_w.l(libinit2.o)
    0x08000256   0x08000256   0x00000000   Code   RO         1136    .ARM.Collect$$libinit$$0000001D  c_w.l(libinit2.o)
    0x08000256   0x08000256   0x00000000   Code   RO         1138    .ARM.Collect$$libinit$$0000001F  c_w.l(libinit2.o)
    0x08000256   0x08000256   0x00000000   Code   RO         1140    .ARM.Collect$$libinit$$00000021  c_w.l(libinit2.o)
    0x08000256   0x08000256   0x00000000   Code   RO         1142    .ARM.Collect$$libinit$$00000023  c_w.l(libinit2.o)
    0x08000256   0x08000256   0x00000000   Code   RO         1144    .ARM.Collect$$libinit$$00000025  c_w.l(libinit2.o)
    0x08000256   0x08000256   0x00000000   Code   RO         1148    .ARM.Collect$$libinit$$0000002C  c_w.l(libinit2.o)
    0x08000256   0x08000256   0x00000000   Code   RO         1150    .ARM.Collect$$libinit$$0000002E  c_w.l(libinit2.o)
    0x08000256   0x08000256   0x00000000   Code   RO         1152    .ARM.Collect$$libinit$$00000030  c_w.l(libinit2.o)
    0x08000256   0x08000256   0x00000000   Code   RO         1154    .ARM.Collect$$libinit$$00000032  c_w.l(libinit2.o)
    0x08000256   0x08000256   0x00000002   Code   RO         1155    .ARM.Collect$$libinit$$00000033  c_w.l(libinit2.o)
    0x08000258   0x08000258   0x00000002   Code   RO         1190    .ARM.Collect$$libshutdown$$00000000  c_w.l(libshutdown.o)
    0x0800025a   0x0800025a   0x00000000   Code   RO         1218    .ARM.Collect$$libshutdown$$00000002  c_w.l(libshutdown2.o)
    0x0800025a   0x0800025a   0x00000000   Code   RO         1220    .ARM.Collect$$libshutdown$$00000004  c_w.l(libshutdown2.o)
    0x0800025a   0x0800025a   0x00000000   Code   RO         1223    .ARM.Collect$$libshutdown$$00000007  c_w.l(libshutdown2.o)
    0x0800025a   0x0800025a   0x00000000   Code   RO         1226    .ARM.Collect$$libshutdown$$0000000A  c_w.l(libshutdown2.o)
    0x0800025a   0x0800025a   0x00000000   Code   RO         1228    .ARM.Collect$$libshutdown$$0000000C  c_w.l(libshutdown2.o)
    0x0800025a   0x0800025a   0x00000000   Code   RO         1231    .ARM.Collect$$libshutdown$$0000000F  c_w.l(libshutdown2.o)
    0x0800025a   0x0800025a   0x00000002   Code   RO         1232    .ARM.Collect$$libshutdown$$00000010  c_w.l(libshutdown2.o)
    0x0800025c   0x0800025c   0x00000000   Code   RO         1062    .ARM.Collect$$rtentry$$00000000  c_w.l(__rtentry.o)
    0x0800025c   0x0800025c   0x00000000   Code   RO         1070    .ARM.Collect$$rtentry$$00000002  c_w.l(__rtentry2.o)
    0x0800025c   0x0800025c   0x00000006   Code   RO         1082    .ARM.Collect$$rtentry$$00000004  c_w.l(__rtentry4.o)
    0x08000262   0x08000262   0x00000000   Code   RO         1072    .ARM.Collect$$rtentry$$00000009  c_w.l(__rtentry2.o)
    0x08000262   0x08000262   0x00000004   Code   RO         1073    .ARM.Collect$$rtentry$$0000000A  c_w.l(__rtentry2.o)
    0x08000266   0x08000266   0x00000000   Code   RO         1075    .ARM.Collect$$rtentry$$0000000C  c_w.l(__rtentry2.o)
    0x08000266   0x08000266   0x00000008   Code   RO         1076    .ARM.Collect$$rtentry$$0000000D  c_w.l(__rtentry2.o)
    0x0800026e   0x0800026e   0x00000002   Code   RO         1103    .ARM.Collect$$rtexit$$00000000  c_w.l(rtexit.o)
    0x08000270   0x08000270   0x00000000   Code   RO         1161    .ARM.Collect$$rtexit$$00000002  c_w.l(rtexit2.o)
    0x08000270   0x08000270   0x00000004   Code   RO         1162    .ARM.Collect$$rtexit$$00000003  c_w.l(rtexit2.o)
    0x08000274   0x08000274   0x00000006   Code   RO         1163    .ARM.Collect$$rtexit$$00000004  c_w.l(rtexit2.o)
    0x0800027a   0x0800027a   0x00000002   PAD
    0x0800027c   0x0800027c   0x00000040   Code   RO            4    .text               startup_stm32l452xx.o
    0x080002bc   0x080002bc   0x000000f0   Code   RO         1046    .text               c_w.l(lludivv7m.o)
    0x080003ac   0x080003ac   0x0000003e   Code   RO         1048    .text               c_w.l(strlen.o)
    0x080003ea   0x080003ea   0x0000008a   Code   RO         1050    .text               c_w.l(rt_memcpy_v6.o)
    0x08000474   0x08000474   0x00000044   Code   RO         1052    .text               c_w.l(rt_memclr.o)
    0x080004b8   0x080004b8   0x0000004e   Code   RO         1054    .text               c_w.l(rt_memclr_w.o)
    0x08000506   0x08000506   0x00000002   PAD
    0x08000508   0x08000508   0x0000007c   Code   RO         1056    .text               c_w.l(strcmpv7em.o)
    0x08000584   0x08000584   0x00000006   Code   RO         1058    .text               c_w.l(heapauxi.o)
    0x0800058a   0x0800058a   0x00000064   Code   RO         1067    .text               c_w.l(rt_memcpy_w.o)
    0x080005ee   0x080005ee   0x0000004a   Code   RO         1086    .text               c_w.l(sys_stackheap_outer.o)
    0x08000638   0x08000638   0x00000012   Code   RO         1088    .text               c_w.l(exit.o)
    0x0800064a   0x0800064a   0x00000002   PAD
    0x0800064c   0x0800064c   0x00000008   Code   RO         1100    .text               c_w.l(libspace.o)
    0x08000654   0x08000654   0x0000000c   Code   RO         1156    .text               c_w.l(sys_exit.o)
    0x08000660   0x08000660   0x00000002   Code   RO         1179    .text               c_w.l(use_no_semi.o)
    0x08000662   0x08000662   0x00000000   Code   RO         1181    .text               c_w.l(indicate_semi.o)
    0x08000662   0x08000662   0x00000002   PAD
    0x08000664   0x08000664   0x00000004   Code   RO          105    .text.BusFault_Handler  stm32l4xx_it.o
    0x08000668   0x08000668   0x00000002   Code   RO          111    .text.DebugMon_Handler  stm32l4xx_it.o
    0x0800066a   0x0800066a   0x00000002   PAD
    0x0800066c   0x0800066c   0x0000000e   Code   RO           31    .text.Error_Handler  main.o
    0x0800067a   0x0800067a   0x00000002   PAD
    0x0800067c   0x0800067c   0x0000007e   Code   RO          796    .text.HAL_DMA_Abort  stm32l4xx_hal_dma.o
    0x080006fa   0x080006fa   0x00000002   PAD
    0x080006fc   0x080006fc   0x0000007c   Code   RO          798    .text.HAL_DMA_Abort_IT  stm32l4xx_hal_dma.o
    0x08000778   0x08000778   0x00000042   Code   RO          333    .text.HAL_Delay     stm32l4xx_hal.o
    0x080007ba   0x080007ba   0x00000002   PAD
    0x080007bc   0x080007bc   0x0000034c   Code   RO          763    .text.HAL_GPIO_Init  stm32l4xx_hal_gpio.o
    0x08000b08   0x08000b08   0x0000002c   Code   RO          769    .text.HAL_GPIO_WritePin  stm32l4xx_hal_gpio.o
    0x08000b34   0x08000b34   0x0000000c   Code   RO          325    .text.HAL_GetTick   stm32l4xx_hal.o
    0x08000b40   0x08000b40   0x0000001a   Code   RO          323    .text.HAL_IncTick   stm32l4xx_hal.o
    0x08000b5a   0x08000b5a   0x00000002   PAD
    0x08000b5c   0x08000b5c   0x00000030   Code   RO          313    .text.HAL_Init      stm32l4xx_hal.o
    0x08000b8c   0x08000b8c   0x00000088   Code   RO          315    .text.HAL_InitTick  stm32l4xx_hal.o
    0x08000c14   0x08000c14   0x00000042   Code   RO          128    .text.HAL_MspInit   stm32l4xx_hal_msp.o
    0x08000c56   0x08000c56   0x00000002   PAD
    0x08000c58   0x08000c58   0x00000014   Code   RO          946    .text.HAL_NVIC_EnableIRQ  stm32l4xx_hal_cortex.o
    0x08000c6c   0x08000c6c   0x00000032   Code   RO          938    .text.HAL_NVIC_SetPriority  stm32l4xx_hal_cortex.o
    0x08000c9e   0x08000c9e   0x00000002   PAD
    0x08000ca0   0x08000ca0   0x00000010   Code   RO          934    .text.HAL_NVIC_SetPriorityGrouping  stm32l4xx_hal_cortex.o
    0x08000cb0   0x08000cb0   0x000000e4   Code   RO          861    .text.HAL_PWREx_ControlVoltageScaling  stm32l4xx_hal_pwr_ex.o
    0x08000d94   0x08000d94   0x00000010   Code   RO          859    .text.HAL_PWREx_GetVoltageRange  stm32l4xx_hal_pwr_ex.o
    0x08000da4   0x08000da4   0x00000566   Code   RO          618    .text.HAL_RCCEx_PeriphCLKConfig  stm32l4xx_hal_rcc_ex.o
    0x0800130a   0x0800130a   0x00000002   PAD
    0x0800130c   0x0800130c   0x000002a2   Code   RO          589    .text.HAL_RCC_ClockConfig  stm32l4xx_hal_rcc.o
    0x080015ae   0x080015ae   0x00000002   PAD
    0x080015b0   0x080015b0   0x0000000c   Code   RO          593    .text.HAL_RCC_GetHCLKFreq  stm32l4xx_hal_rcc.o
    0x080015bc   0x080015bc   0x00000026   Code   RO          595    .text.HAL_RCC_GetPCLK1Freq  stm32l4xx_hal_rcc.o
    0x080015e2   0x080015e2   0x00000002   PAD
    0x080015e4   0x080015e4   0x00000026   Code   RO          597    .text.HAL_RCC_GetPCLK2Freq  stm32l4xx_hal_rcc.o
    0x0800160a   0x0800160a   0x00000002   PAD
    0x0800160c   0x0800160c   0x0000015a   Code   RO          587    .text.HAL_RCC_GetSysClockFreq  stm32l4xx_hal_rcc.o
    0x08001766   0x08001766   0x00000002   PAD
    0x08001768   0x08001768   0x00000a60   Code   RO          583    .text.HAL_RCC_OscConfig  stm32l4xx_hal_rcc.o
    0x080021c8   0x080021c8   0x00000010   Code   RO          958    .text.HAL_SYSTICK_Config  stm32l4xx_hal_cortex.o
    0x080021d8   0x080021d8   0x0000000c   Code   RO          233    .text.HAL_UARTEx_RxEventCallback  stm32l4xx_hal_uart.o
    0x080021e4   0x080021e4   0x00000008   Code   RO          284    .text.HAL_UARTEx_WakeupCallback  stm32l4xx_hal_uart_ex.o
    0x080021ec   0x080021ec   0x00000008   Code   RO          231    .text.HAL_UART_ErrorCallback  stm32l4xx_hal_uart.o
    0x080021f4   0x080021f4   0x000004d0   Code   RO          227    .text.HAL_UART_IRQHandler  stm32l4xx_hal_uart.o
    0x080026c4   0x080026c4   0x000000a6   Code   RO          143    .text.HAL_UART_Init  stm32l4xx_hal_uart.o
    0x0800276a   0x0800276a   0x00000002   PAD
    0x0800276c   0x0800276c   0x000001ec   Code   RO          130    .text.HAL_UART_MspInit  stm32l4xx_hal_msp.o
    0x08002958   0x08002958   0x000000c0   Code   RO          175    .text.HAL_UART_Receive_IT  stm32l4xx_hal_uart.o
    0x08002a18   0x08002a18   0x0000018a   Code   RO           29    .text.HAL_UART_RxCpltCallback  main.o
    0x08002ba2   0x08002ba2   0x00000002   PAD
    0x08002ba4   0x08002ba4   0x00000150   Code   RO          163    .text.HAL_UART_Transmit  stm32l4xx_hal_uart.o
    0x08002cf4   0x08002cf4   0x000000f2   Code   RO          169    .text.HAL_UART_Transmit_IT  stm32l4xx_hal_uart.o
    0x08002de6   0x08002de6   0x00000002   PAD
    0x08002de8   0x08002de8   0x00000008   Code   RO          237    .text.HAL_UART_TxCpltCallback  stm32l4xx_hal_uart.o
    0x08002df0   0x08002df0   0x00000004   Code   RO          101    .text.HardFault_Handler  stm32l4xx_it.o
    0x08002df4   0x08002df4   0x000000e2   Code   RO           15    .text.MX_GPIO_Init  main.o
    0x08002ed6   0x08002ed6   0x00000002   PAD
    0x08002ed8   0x08002ed8   0x00000044   Code   RO           17    .text.MX_UART4_Init  main.o
    0x08002f1c   0x08002f1c   0x00000044   Code   RO           19    .text.MX_USART1_UART_Init  main.o
    0x08002f60   0x08002f60   0x00000044   Code   RO           21    .text.MX_USART3_UART_Init  main.o
    0x08002fa4   0x08002fa4   0x00000004   Code   RO          103    .text.MemManage_Handler  stm32l4xx_it.o
    0x08002fa8   0x08002fa8   0x00000004   Code   RO           99    .text.NMI_Handler   stm32l4xx_it.o
    0x08002fac   0x08002fac   0x0000006c   Code   RO          944    .text.NVIC_EncodePriority  stm32l4xx_hal_cortex.o
    0x08003018   0x08003018   0x00000002   Code   RO          113    .text.PendSV_Handler  stm32l4xx_it.o
    0x0800301a   0x0800301a   0x00000002   PAD
    0x0800301c   0x0800301c   0x00000280   Code   RO          620    .text.RCCEx_PLLSAI1_Config  stm32l4xx_hal_rcc_ex.o
    0x0800329c   0x0800329c   0x000000ee   Code   RO          585    .text.RCC_SetFlashLatencyFromMSIRange  stm32l4xx_hal_rcc.o
    0x0800338a   0x0800338a   0x00000002   PAD
    0x0800338c   0x0800338c   0x00000002   Code   RO          109    .text.SVC_Handler   stm32l4xx_it.o
    0x0800338e   0x0800338e   0x00000002   PAD
    0x08003390   0x08003390   0x00000052   Code   RO          960    .text.SysTick_Config  stm32l4xx_hal_cortex.o
    0x080033e2   0x080033e2   0x00000002   PAD
    0x080033e4   0x080033e4   0x00000008   Code   RO          115    .text.SysTick_Handler  stm32l4xx_it.o
    0x080033ec   0x080033ec   0x00000082   Code   RO           13    .text.SystemClock_Config  main.o
    0x0800346e   0x0800346e   0x00000002   PAD
    0x08003470   0x08003470   0x00000012   Code   RO         1030    .text.SystemInit    system_stm32l4xx.o
    0x08003482   0x08003482   0x00000002   PAD
    0x08003484   0x08003484   0x00000148   Code   RO          149    .text.UART_AdvFeatureConfig  stm32l4xx_hal_uart.o
    0x080035cc   0x080035cc   0x000000a4   Code   RO          151    .text.UART_CheckIdleState  stm32l4xx_hal_uart.o
    0x08003670   0x08003670   0x00000024   Code   RO          229    .text.UART_DMAAbortOnError  stm32l4xx_hal_uart.o
    0x08003694   0x08003694   0x00000096   Code   RO          199    .text.UART_EndRxTransfer  stm32l4xx_hal_uart.o
    0x0800372a   0x0800372a   0x00000002   PAD
    0x0800372c   0x0800372c   0x00000042   Code   RO          235    .text.UART_EndTransmit_IT  stm32l4xx_hal_uart.o
    0x0800376e   0x0800376e   0x00000002   PAD
    0x08003770   0x08003770   0x00000130   Code   RO          267    .text.UART_RxISR_16BIT  stm32l4xx_hal_uart.o
    0x080038a0   0x080038a0   0x0000012c   Code   RO          269    .text.UART_RxISR_8BIT  stm32l4xx_hal_uart.o
    0x080039cc   0x080039cc   0x000004e8   Code   RO          147    .text.UART_SetConfig  stm32l4xx_hal_uart.o
    0x08003eb4   0x08003eb4   0x00000186   Code   RO          177    .text.UART_Start_Receive_IT  stm32l4xx_hal_uart.o
    0x0800403a   0x0800403a   0x00000002   PAD
    0x0800403c   0x0800403c   0x00000096   Code   RO          171    .text.UART_TxISR_16BIT  stm32l4xx_hal_uart.o
    0x080040d2   0x080040d2   0x00000002   PAD
    0x080040d4   0x080040d4   0x0000008c   Code   RO          173    .text.UART_TxISR_8BIT  stm32l4xx_hal_uart.o
    0x08004160   0x08004160   0x00000170   Code   RO          165    .text.UART_WaitOnFlagUntilTimeout  stm32l4xx_hal_uart.o
    0x080042d0   0x080042d0   0x00000010   Code   RO          117    .text.USART1_IRQHandler  stm32l4xx_it.o
    0x080042e0   0x080042e0   0x00000010   Code   RO          119    .text.USART3_IRQHandler  stm32l4xx_it.o
    0x080042f0   0x080042f0   0x00000004   Code   RO          107    .text.UsageFault_Handler  stm32l4xx_it.o
    0x080042f4   0x080042f4   0x00000030   Code   RO          948    .text.__NVIC_EnableIRQ  stm32l4xx_hal_cortex.o
    0x08004324   0x08004324   0x00000010   Code   RO          940    .text.__NVIC_GetPriorityGrouping  stm32l4xx_hal_cortex.o
    0x08004334   0x08004334   0x00000042   Code   RO          942    .text.__NVIC_SetPriority  stm32l4xx_hal_cortex.o
    0x08004376   0x08004376   0x00000002   PAD
    0x08004378   0x08004378   0x0000003c   Code   RO          936    .text.__NVIC_SetPriorityGrouping  stm32l4xx_hal_cortex.o
    0x080043b4   0x080043b4   0x00000d32   Code   RO           25    .text.kiem_tra_sim  main.o
    0x080050e6   0x080050e6   0x00000002   PAD
    0x080050e8   0x080050e8   0x000001c4   Code   RO           11    .text.main          main.o
    0x080052ac   0x080052ac   0x000000ec   Code   RO           27    .text.send_data_server  main.o
    0x08005398   0x08005398   0x000000ac   Code   RO           23    .text.tx_data       main.o
    0x08005444   0x08005444   0x0000001a   Code   RO         1173    x$fpl$fpinit        fz_wm.l(fpinit.o)
    0x0800545e   0x0800545e   0x00000010   Data   RO         1035    .rodata.AHBPrescTable  system_stm32l4xx.o
    0x0800546e   0x0800546e   0x00000008   Data   RO         1036    .rodata.APBPrescTable  system_stm32l4xx.o
    0x08005476   0x08005476   0x00000002   PAD
    0x08005478   0x08005478   0x00000030   Data   RO         1037    .rodata.MSIRangeTable  system_stm32l4xx.o
    0x080054a8   0x080054a8   0x00000020   Data   RO         1234    Region$$Table       anon$$obj.o


    Execution Region RW_IRAM2 (Exec base: 0x10000000, Load base: 0x08005610, Size: 0x00000000, Max: 0x00008000, ABSOLUTE)

    **** No section assigned to this execution region ****


    Execution Region RW_IRAM1 (Exec base: 0x20000000, Load base: 0x080054c8, Size: 0x00000e48, Max: 0x00020000, ABSOLUTE, COMPRESSED[0x00000148])

    Exec Addr    Load Addr    Size         Type   Attr      Idx    E Section Name        Object

    0x20000000   COMPRESSED   0x00000004   Data   RW         1034    .data.SystemCoreClock  system_stm32l4xx.o
    0x20000004   COMPRESSED   0x00000012   Data   RW           62    .data.allow_receive  main.o
    0x20000016   COMPRESSED   0x00000013   Data   RW           63    .data.allow_receive_ok  main.o
    0x20000029   COMPRESSED   0x00000011   Data   RW           60    .data.allow_transmit  main.o
    0x2000003a   COMPRESSED   0x00000014   Data   RW           61    .data.allow_transmit_ok  main.o
    0x2000004e   COMPRESSED   0x00000005   Data   RW           33    .data.bien_kiem_tra  main.o
    0x20000053   COMPRESSED   0x0000000c   Data   RW           48    .data.check_GPRS    main.o
    0x2000005f   COMPRESSED   0x00000012   Data   RW           72    .data.check_connect  main.o
    0x20000071   COMPRESSED   0x0000000d   Data   RW           73    .data.check_connect_ok  main.o
    0x2000007e   COMPRESSED   0x00000009   Data   RW           44    .data.check_cuong_do  main.o
    0x20000087   COMPRESSED   0x0000000b   Data   RW           46    .data.check_dang_ky  main.o
    0x20000092   COMPRESSED   0x0000000c   Data   RW           56    .data.check_ip      main.o
    0x2000009e   COMPRESSED   0x00000005   Data   RW           40    .data.check_module  main.o
    0x200000a3   COMPRESSED   0x0000000d   Data   RW           54    .data.check_net     main.o
    0x200000b0   COMPRESSED   0x0000000b   Data   RW           42    .data.check_sim     main.o
    0x200000bb   COMPRESSED   0x00000015   Data   RW           66    .data.connect_tcp1  main.o
    0x200000d0   COMPRESSED   0x0000000e   Data   RW           67    .data.connect_tcp2  main.o
    0x200000de   COMPRESSED   0x00000003   Data   RW           68    .data.connect_tcp3  main.o
    0x200000e1   COMPRESSED   0x00000005   Data   RW           69    .data.connect_tcp4  main.o
    0x200000e6   COMPRESSED   0x00000005   Data   RW           70    .data.connect_tcp5  main.o
    0x200000eb   COMPRESSED   0x00000010   Data   RW           71    .data.connect_tcp_ok  main.o
    0x200000fb   COMPRESSED   0x00000011   Data   RW           45    .data.kt_cuong_do_ok  main.o
    0x2000010c   COMPRESSED   0x00000010   Data   RW           47    .data.kt_dky_ok     main.o
    0x2000011c   COMPRESSED   0x0000000d   Data   RW           49    .data.kt_gprs_ok    main.o
    0x20000129   COMPRESSED   0x0000000b   Data   RW           57    .data.kt_ip_ok      main.o
    0x20000134   COMPRESSED   0x0000000e   Data   RW           41    .data.kt_modun_ok   main.o
    0x20000142   COMPRESSED   0x0000000c   Data   RW           55    .data.kt_net_ok     main.o
    0x2000014e   COMPRESSED   0x0000000e   Data   RW           35    .data.kt_ok         main.o
    0x2000015c   COMPRESSED   0x0000000c   Data   RW           43    .data.kt_sim_ok     main.o
    0x20000168   COMPRESSED   0x00000064   Data   RW           64    .data.send_data_sim_dem1  main.o
    0x200001cc   COMPRESSED   0x00000064   Data   RW           65    .data.send_data_tx1  main.o
    0x20000230   COMPRESSED   0x00000012   Data   RW           58    .data.set_receive   main.o
    0x20000242   COMPRESSED   0x00000010   Data   RW           59    .data.set_receive_ok  main.o
    0x20000252   COMPRESSED   0x00000028   Data   RW           50    .data.set_timeout   main.o
    0x2000027a   COMPRESSED   0x00000012   Data   RW           51    .data.set_timeout_ok  main.o
    0x2000028c   COMPRESSED   0x0000000f   Data   RW           52    .data.set_transmit  main.o
    0x2000029b   COMPRESSED   0x00000012   Data   RW           53    .data.set_transmit_ok  main.o
    0x200002ad   COMPRESSED   0x00000001   Data   RW          384    .data.uwTickFreq    stm32l4xx_hal.o
    0x200002ae   COMPRESSED   0x00000002   PAD
    0x200002b0   COMPRESSED   0x00000004   Data   RW          383    .data.uwTickPrio    stm32l4xx_hal.o
    0x200002b4   COMPRESSED   0x00000004   PAD
    0x200002b8        -       0x00000060   Zero   RW         1101    .bss                c_w.l(libspace.o)
    0x20000318        -       0x00000004   Zero   RW           81    .bss.bien           main.o
    0x2000031c        -       0x00000004   Zero   RW           36    .bss.cnt1           main.o
    0x20000320        -       0x00000004   Zero   RW           38    .bss.cnt3           main.o
    0x20000324        -       0x00000064   Zero   RW           80    .bss.connect_tcp    main.o
    0x20000388        -       0x00000004   Zero   RW           37    .bss.flag1          main.o
    0x2000038c        -       0x00000004   Zero   RW           39    .bss.flag3          main.o
    0x20000390        -       0x00000084   Zero   RW           76    .bss.huart1         main.o
    0x20000414        -       0x00000084   Zero   RW           74    .bss.huart3         main.o
    0x20000498        -       0x00000084   Zero   RW           89    .bss.huart4         main.o
    0x2000051c        -       0x00000001   Zero   RW           77    .bss.rx1            main.o
    0x2000051d        -       0x00000064   Zero   RW           83    .bss.rx1_buffer     main.o
    0x20000581        -       0x00000064   Zero   RW           88    .bss.rx1_buffer_dem  main.o
    0x200005e5        -       0x00000001   Zero   RW           75    .bss.rx3            main.o
    0x200005e6        -       0x00000064   Zero   RW           84    .bss.rx3_buffer     main.o
    0x2000064a        -       0x00000064   Zero   RW           87    .bss.rx3_buffer_dem  main.o
    0x200006ae        -       0x00000064   Zero   RW           85    .bss.send_data_sim  main.o
    0x20000712        -       0x00000064   Zero   RW           86    .bss.send_data_sim_dem2  main.o
    0x20000776        -       0x00000064   Zero   RW           78    .bss.tx1_buffer     main.o
    0x200007da        -       0x00000064   Zero   RW           79    .bss.tx3_buffer     main.o
    0x2000083e   COMPRESSED   0x00000002   PAD
    0x20000840        -       0x00000004   Zero   RW          385    .bss.uwTick         stm32l4xx_hal.o
    0x20000844   COMPRESSED   0x00000004   PAD
    0x20000848        -       0x00000200   Zero   RW            2    HEAP                startup_stm32l452xx.o
    0x20000a48        -       0x00000400   Zero   RW            1    STACK               startup_stm32l452xx.o


==============================================================================

Image component sizes


      Code (inc. data)   RO Data    RW Data    ZI Data      Debug   Object Name

      5206         28          0        681       1318      10150   main.o
        64         26        404          0       1536        816   startup_stm32l452xx.o
       288          0          0          5          4       8223   stm32l4xx_hal.o
       482          0          0          0          0       9153   stm32l4xx_hal_cortex.o
       250          0          0          0          0       6286   stm32l4xx_hal_dma.o
       888          0          0          0          0       5251   stm32l4xx_hal_gpio.o
       558          0          0          0          0       8006   stm32l4xx_hal_msp.o
       244          0          0          0          0       7262   stm32l4xx_hal_pwr_ex.o
      4002          0          0          0          0       9972   stm32l4xx_hal_rcc.o
      2022          0          0          0          0      13546   stm32l4xx_hal_rcc_ex.o
      5848         48          0          0          0      23495   stm32l4xx_hal_uart.o
         8          0          0          0          0       6875   stm32l4xx_hal_uart_ex.o
        66          0          0          0          0       1170   stm32l4xx_it.o
        18          0         72          4          0       2835   system_stm32l4xx.o

    ----------------------------------------------------------------------
     20000        102        510        692       2868     113040   Object Totals
         0          0         32          0          0          0   (incl. Generated)
        56          0          2          2         10          0   (incl. Padding)

    ----------------------------------------------------------------------

      Code (inc. data)   RO Data    RW Data    ZI Data      Debug   Library Member Name

       100          0          0          0          0          0   __dclz77c.o
         8          0          0          0          0         68   __main.o
         0          0          0          0          0          0   __rtentry.o
        12          0          0          0          0          0   __rtentry2.o
         6          0          0          0          0          0   __rtentry4.o
        52          8          0          0          0          0   __scatter.o
        28          0          0          0          0          0   __scatter_zi.o
        18          0          0          0          0         80   exit.o
         6          0          0          0          0        152   heapauxi.o
         0          0          0          0          0          0   indicate_semi.o
         2          0          0          0          0          0   libinit.o
         6          0          0          0          0          0   libinit2.o
         2          0          0          0          0          0   libshutdown.o
         2          0          0          0          0          0   libshutdown2.o
         8          4          0          0         96         68   libspace.o
       240          0          0          0          0        100   lludivv7m.o
        68          0          0          0          0         68   rt_memclr.o
        78          0          0          0          0         80   rt_memclr_w.o
       138          0          0          0          0         68   rt_memcpy_v6.o
       100          0          0          0          0         80   rt_memcpy_w.o
         2          0          0          0          0          0   rtexit.o
        10          0          0          0          0          0   rtexit2.o
       124          0          0          0          0         88   strcmpv7em.o
        62          0          0          0          0         76   strlen.o
        12          4          0          0          0         68   sys_exit.o
        74          0          0          0          0         80   sys_stackheap_outer.o
         2          0          0          0          0         68   use_no_semi.o
        26          0          0          0          0        116   fpinit.o

    ----------------------------------------------------------------------
      1194         16          0          0         96       1260   Library Totals
         8          0          0          0          0          0   (incl. Padding)

    ----------------------------------------------------------------------

      Code (inc. data)   RO Data    RW Data    ZI Data      Debug   Library Name

      1160         16          0          0         96       1144   c_w.l
        26          0          0          0          0        116   fz_wm.l

    ----------------------------------------------------------------------
      1194         16          0          0         96       1260   Library Totals

    ----------------------------------------------------------------------

==============================================================================


      Code (inc. data)   RO Data    RW Data    ZI Data      Debug   

     21194        118        510        692       2964     113540   Grand Totals
     21194        118        510        328       2964     113540   ELF Image Totals (compressed)
     21194        118        510        328          0          0   ROM Totals

==============================================================================

    Total RO  Size (Code + RO Data)                21704 (  21.20kB)
    Total RW  Size (RW Data + ZI Data)              3656 (   3.57kB)
    Total ROM Size (Code + RO Data + RW Data)      22032 (  21.52kB)

==============================================================================

